2026-04-28 10:26:59,836 [      1]   INFO - #o.j.j.c.BuildMain - ==================================================
2026-04-28 10:26:59,846 [     11]   INFO - #o.j.j.c.BuildMain - Build process started. Classpath: /Users/jelenagajdas/.gradle/caches/9.3.0/transforms/04fdc51366e9db1895ecb354af48c7eb/transformed/ideaIC-2023.3-aarch64/plugins/java/lib/jps-launcher.jar
2026-04-28 10:26:59,913 [     78]   INFO - #o.j.j.c.BuildMain - Connection to IDE established in 60 ms
2026-04-28 10:26:59,959 [    124]   INFO - #o.j.j.c.JpsModelLoaderImpl - Loading model: project path = /Users/jelenagajdas/IdeaProjects/untitled2, global options path = /Users/jelenagajdas/IdeaProjects/untitled/.intellijPlatform/sandbox/untitled/IC-2023.3/config/options
2026-04-28 10:26:59,996 [    161]   INFO - #o.j.j.c.JpsModelLoaderImpl - Model loaded in 36 ms
2026-04-28 10:26:59,997 [    162]   INFO - #o.j.j.c.JpsModelLoaderImpl - Project has 1 modules, 0 libraries
2026-04-28 10:27:00,021 [    186]   INFO - #c.i.u.i.PageCacheUtils - File page caching params:
2026-04-28 10:27:00,021 [    186]   INFO - #c.i.u.i.PageCacheUtils - 	DEFAULT_PAGE_SIZE: 10485760
2026-04-28 10:27:00,021 [    186]   INFO - #c.i.u.i.PageCacheUtils - 	Direct memory to use, max: 717225984
2026-04-28 10:27:00,021 [    186]   INFO - #c.i.u.i.PageCacheUtils - 	FilePageCache: regular + lock-free (LOCK_FREE_PAGE_CACHE_ENABLED:true)
2026-04-28 10:27:00,021 [    186]   INFO - #c.i.u.i.PageCacheUtils - 	NEW_PAGE_CACHE_MEMORY_FRACTION: 0.20000000298023224
2026-04-28 10:27:00,021 [    186]   INFO - #c.i.u.i.PageCacheUtils - 	Regular FilePageCache: 503316478 bytes
2026-04-28 10:27:00,021 [    186]   INFO - #c.i.u.i.PageCacheUtils - 	New     FilePageCache: 125829122 bytes (+ up to 10.0% overflow)
2026-04-28 10:27:00,022 [    187]   INFO - #c.i.u.i.PageCacheUtils - 	DirectByteBuffers pool: 0 bytes
2026-04-28 10:27:00,082 [    247]   INFO - #o.j.j.i.IncProjectBuilder - Building project; isRebuild:false; isMake:false parallel compilation:false
2026-04-28 10:27:00,083 [    248]   INFO - #o.j.k.j.b.KotlinBuilder - is Kotlin incremental compilation enabled for JVM: true
2026-04-28 10:27:00,083 [    248]   INFO - #o.j.k.j.b.KotlinBuilder - is Kotlin incremental compilation enabled for JS: true
2026-04-28 10:27:00,085 [    250]   INFO - #o.j.k.j.b.KotlinBuilder - is Kotlin compiler daemon enabled: true
2026-04-28 10:27:00,085 [    250]   INFO - #o.j.k.j.b.KotlinBuilder - Label in local history: build started b14286f2
2026-04-28 10:27:00,098 [    263]   INFO - #o.j.j.b.i.CompilerReferenceIndex - backward reference index version doesn't exist
2026-04-28 10:27:00,099 [    264]   INFO - #o.j.j.b.i.CompilerReferenceIndex - backward reference index version doesn't exist
2026-04-28 10:27:00,109 [    274]   INFO - #o.j.j.i.IncProjectBuilder - Cleaned output directories in 5 ms
2026-04-28 10:27:00,156 [    321]   INFO - #o.j.k.j.b.KotlinBuilder - KotlinTargetsIndex created in 10 ms
2026-04-28 10:27:00,160 [    325]   INFO - #o.j.k.j.b.KotlinBuilder - Total Kotlin global compile context initialization time: 15 ms
2026-04-28 10:27:00,172 [    337]   INFO - #o.j.j.i.j.JavaBuilder - Compiling 1 java files; module: untitled2
2026-04-28 10:27:00,298 [    463]   INFO - #o.j.j.i.Builder - Dependency analysis found 0 affected files
2026-04-28 10:27:00,317 [    482]   INFO - #o.j.j.c.BuildSession - Build duration: Builder 'Java' took 123 ms; 1 sources processed (123 ms per file)
2026-04-28 10:27:00,319 [    484]   INFO - #o.j.j.i.j.JavaBuilder - javac 17.0.19 was used to compile [untitled2]
2026-04-28 10:27:00,326 [    491]   INFO - #o.j.j.c.BuildSession - FilePageCache stats: pageHits=0, pageFastCacheHits=2242, regularPageLoads=43, pageLoadsAboveSizeThreshold=0, pageLoadUs=9379, pageDisposalUs=16, capacityInBytes=503316478, disposedBuffers=43 maxRegisteredFiles=37 maxCacheSizeInBytes=17039360totalSizeCachedBytes=0
2026-04-28 10:27:00,400 [      3]   INFO - #o.j.j.c.BuildMain - ==================================================
2026-04-28 10:27:00,413 [     16]   INFO - #o.j.j.c.BuildMain - Build process started. Classpath: /Users/jelenagajdas/.gradle/caches/9.3.0/transforms/04fdc51366e9db1895ecb354af48c7eb/transformed/ideaIC-2023.3-aarch64/plugins/java/lib/jps-launcher.jar
2026-04-28 10:27:00,483 [     86]   INFO - #o.j.j.c.BuildMain - Connection to IDE established in 60 ms
2026-04-28 10:27:00,493 [     96]   INFO - #o.j.j.c.JpsModelLoaderImpl - Loading model: project path = /Users/jelenagajdas/IdeaProjects/untitled2, global options path = /Users/jelenagajdas/IdeaProjects/untitled/.intellijPlatform/sandbox/untitled/IC-2023.3/config/options
2026-04-28 10:27:00,535 [    138]   INFO - #o.j.j.c.JpsModelLoaderImpl - Model loaded in 42 ms
2026-04-28 10:27:00,537 [    140]   INFO - #o.j.j.c.JpsModelLoaderImpl - Project has 1 modules, 0 libraries
2026-04-28 10:27:00,555 [    158]   INFO - #c.i.u.i.PageCacheUtils - File page caching params:
2026-04-28 10:27:00,555 [    158]   INFO - #c.i.u.i.PageCacheUtils - 	DEFAULT_PAGE_SIZE: 10485760
2026-04-28 10:27:00,555 [    158]   INFO - #c.i.u.i.PageCacheUtils - 	Direct memory to use, max: 717225984
2026-04-28 10:27:00,555 [    158]   INFO - #c.i.u.i.PageCacheUtils - 	FilePageCache: regular + lock-free (LOCK_FREE_PAGE_CACHE_ENABLED:true)
2026-04-28 10:27:00,556 [    159]   INFO - #c.i.u.i.PageCacheUtils - 	NEW_PAGE_CACHE_MEMORY_FRACTION: 0.20000000298023224
2026-04-28 10:27:00,556 [    159]   INFO - #c.i.u.i.PageCacheUtils - 	Regular FilePageCache: 503316478 bytes
2026-04-28 10:27:00,556 [    159]   INFO - #c.i.u.i.PageCacheUtils - 	New     FilePageCache: 125829122 bytes (+ up to 10.0% overflow)
2026-04-28 10:27:00,556 [    159]   INFO - #c.i.u.i.PageCacheUtils - 	DirectByteBuffers pool: 0 bytes
2026-04-28 10:27:00,577 [    180]   INFO - #c.i.u.i.ResizeableMappedFile - Can't find .len file for /Users/jelenagajdas/IdeaProjects/untitled/.intellijPlatform/sandbox/untitled/IC-2023.3/system/compile-server/untitled2_7b9cc751/mappings/strings.tab, re-creating it from actual file. Storage size = 4096, file size = 4096
java.nio.file.NoSuchFileException: /Users/jelenagajdas/IdeaProjects/untitled/.intellijPlatform/sandbox/untitled/IC-2023.3/system/compile-server/untitled2_7b9cc751/mappings/strings.tab.len
	at java.base/sun.nio.fs.UnixException.translateToIOException(UnixException.java:92)
	at java.base/sun.nio.fs.UnixException.rethrowAsIOException(UnixException.java:106)
	at java.base/sun.nio.fs.UnixException.rethrowAsIOException(UnixException.java:111)
	at java.base/sun.nio.fs.UnixFileSystemProvider.newByteChannel(UnixFileSystemProvider.java:218)
	at java.base/java.nio.file.Files.newByteChannel(Files.java:380)
	at java.base/java.nio.file.Files.newByteChannel(Files.java:432)
	at java.base/java.nio.file.spi.FileSystemProvider.newInputStream(FileSystemProvider.java:422)
	at java.base/java.nio.file.Files.newInputStream(Files.java:160)
	at com.intellij.util.io.ResizeableMappedFile.readLength(ResizeableMappedFile.java:193)
	at com.intellij.util.io.ResizeableMappedFile.<init>(ResizeableMappedFile.java:58)
	at com.intellij.util.io.PersistentBTreeEnumerator.<init>(PersistentBTreeEnumerator.java:128)
	at com.intellij.util.io.PersistentBTreeEnumerator.<init>(PersistentBTreeEnumerator.java:103)
	at com.intellij.util.io.PersistentEnumerator.<init>(PersistentEnumerator.java:27)
	at com.intellij.util.io.PersistentStringEnumerator.<init>(PersistentStringEnumerator.java:39)
	at com.intellij.util.io.PersistentStringEnumerator.<init>(PersistentStringEnumerator.java:22)
	at org.jetbrains.jps.builders.java.dependencyView.DependencyContext.<init>(DependencyContext.java:63)
	at org.jetbrains.jps.builders.java.dependencyView.Mappings.createImplementation(Mappings.java:134)
	at org.jetbrains.jps.builders.java.dependencyView.Mappings.<init>(Mappings.java:125)
	at org.jetbrains.jps.incremental.storage.BuildDataManager.<init>(BuildDataManager.java:79)
	at org.jetbrains.jps.cmdline.BuildRunner.load(BuildRunner.java:82)
	at org.jetbrains.jps.cmdline.BuildMain.main(BuildMain.java:117)
	at java.base/jdk.internal.reflect.NativeMethodAccessorImpl.invoke0(Native Method)
	at java.base/jdk.internal.reflect.NativeMethodAccessorImpl.invoke(NativeMethodAccessorImpl.java:77)
	at java.base/jdk.internal.reflect.DelegatingMethodAccessorImpl.invoke(DelegatingMethodAccessorImpl.java:43)
	at java.base/java.lang.reflect.Method.invoke(Method.java:569)
	at org.jetbrains.jps.cmdline.Launcher.main(Launcher.java:43)
2026-04-28 10:27:00,581 [    184]   INFO - #c.i.u.i.ResizeableMappedFile - Can't find .len file for /Users/jelenagajdas/IdeaProjects/untitled/.intellijPlatform/sandbox/untitled/IC-2023.3/system/compile-server/untitled2_7b9cc751/mappings/classToSubclasses.tab, re-creating it from actual file. Storage size = 4096, file size = 4096
java.nio.file.NoSuchFileException: /Users/jelenagajdas/IdeaProjects/untitled/.intellijPlatform/sandbox/untitled/IC-2023.3/system/compile-server/untitled2_7b9cc751/mappings/classToSubclasses.tab.len
	at java.base/sun.nio.fs.UnixException.translateToIOException(UnixException.java:92)
	at java.base/sun.nio.fs.UnixException.rethrowAsIOException(UnixException.java:106)
	at java.base/sun.nio.fs.UnixException.rethrowAsIOException(UnixException.java:111)
	at java.base/sun.nio.fs.UnixFileSystemProvider.newByteChannel(UnixFileSystemProvider.java:218)
	at java.base/java.nio.file.Files.newByteChannel(Files.java:380)
	at java.base/java.nio.file.Files.newByteChannel(Files.java:432)
	at java.base/java.nio.file.spi.FileSystemProvider.newInputStream(FileSystemProvider.java:422)
	at java.base/java.nio.file.Files.newInputStream(Files.java:160)
	at com.intellij.util.io.ResizeableMappedFile.readLength(ResizeableMappedFile.java:193)
	at com.intellij.util.io.ResizeableMappedFile.<init>(ResizeableMappedFile.java:58)
	at com.intellij.util.io.PersistentBTreeEnumerator.<init>(PersistentBTreeEnumerator.java:128)
	at com.intellij.util.io.PersistentEnumerator.createDefaultEnumerator(PersistentEnumerator.java:52)
	at com.intellij.util.io.PersistentMapImpl.<init>(PersistentMapImpl.java:165)
	at com.intellij.util.io.PersistentMapImpl.<init>(PersistentMapImpl.java:140)
	at com.intellij.util.io.PersistentMapBuilder.buildImplementation(PersistentMapBuilder.java:88)
	at com.intellij.util.io.PersistentMapBuilder.build(PersistentMapBuilder.java:71)
	at com.intellij.util.io.PersistentHashMap.<init>(PersistentHashMap.java:45)
	at com.intellij.util.io.PersistentHashMap.<init>(PersistentHashMap.java:71)
	at org.jetbrains.jps.builders.java.dependencyView.IntIntPersistentMultiMaplet.<init>(IntIntPersistentMultiMaplet.java:24)
	at org.jetbrains.jps.builders.java.dependencyView.Mappings.createImplementation(Mappings.java:153)
	at org.jetbrains.jps.builders.java.dependencyView.Mappings.<init>(Mappings.java:125)
	at org.jetbrains.jps.incremental.storage.BuildDataManager.<init>(BuildDataManager.java:79)
	at org.jetbrains.jps.cmdline.BuildRunner.load(BuildRunner.java:82)
	at org.jetbrains.jps.cmdline.BuildMain.main(BuildMain.java:117)
	at java.base/jdk.internal.reflect.NativeMethodAccessorImpl.invoke0(Native Method)
	at java.base/jdk.internal.reflect.NativeMethodAccessorImpl.invoke(NativeMethodAccessorImpl.java:77)
	at java.base/jdk.internal.reflect.DelegatingMethodAccessorImpl.invoke(DelegatingMethodAccessorImpl.java:43)
	at java.base/java.lang.reflect.Method.invoke(Method.java:569)
	at org.jetbrains.jps.cmdline.Launcher.main(Launcher.java:43)
2026-04-28 10:27:00,587 [    190]   INFO - #c.i.u.i.ResizeableMappedFile - Can't find .len file for /Users/jelenagajdas/IdeaProjects/untitled/.intellijPlatform/sandbox/untitled/IC-2023.3/system/compile-server/untitled2_7b9cc751/mappings/classToClass.tab, re-creating it from actual file. Storage size = 4096, file size = 4096
java.nio.file.NoSuchFileException: /Users/jelenagajdas/IdeaProjects/untitled/.intellijPlatform/sandbox/untitled/IC-2023.3/system/compile-server/untitled2_7b9cc751/mappings/classToClass.tab.len
	at java.base/sun.nio.fs.UnixException.translateToIOException(UnixException.java:92)
	at java.base/sun.nio.fs.UnixException.rethrowAsIOException(UnixException.java:106)
	at java.base/sun.nio.fs.UnixException.rethrowAsIOException(UnixException.java:111)
	at java.base/sun.nio.fs.UnixFileSystemProvider.newByteChannel(UnixFileSystemProvider.java:218)
	at java.base/java.nio.file.Files.newByteChannel(Files.java:380)
	at java.base/java.nio.file.Files.newByteChannel(Files.java:432)
	at java.base/java.nio.file.spi.FileSystemProvider.newInputStream(FileSystemProvider.java:422)
	at java.base/java.nio.file.Files.newInputStream(Files.java:160)
	at com.intellij.util.io.ResizeableMappedFile.readLength(ResizeableMappedFile.java:193)
	at com.intellij.util.io.ResizeableMappedFile.<init>(ResizeableMappedFile.java:58)
	at com.intellij.util.io.PersistentBTreeEnumerator.<init>(PersistentBTreeEnumerator.java:128)
	at com.intellij.util.io.PersistentEnumerator.createDefaultEnumerator(PersistentEnumerator.java:52)
	at com.intellij.util.io.PersistentMapImpl.<init>(PersistentMapImpl.java:165)
	at com.intellij.util.io.PersistentMapImpl.<init>(PersistentMapImpl.java:140)
	at com.intellij.util.io.PersistentMapBuilder.buildImplementation(PersistentMapBuilder.java:88)
	at com.intellij.util.io.PersistentMapBuilder.build(PersistentMapBuilder.java:71)
	at com.intellij.util.io.PersistentHashMap.<init>(PersistentHashMap.java:45)
	at com.intellij.util.io.PersistentHashMap.<init>(PersistentHashMap.java:71)
	at org.jetbrains.jps.builders.java.dependencyView.NaturalIntIntPersistentMultiMaplet.<init>(NaturalIntIntPersistentMultiMaplet.java:56)
	at org.jetbrains.jps.builders.java.dependencyView.Mappings.createImplementation(Mappings.java:157)
	at org.jetbrains.jps.builders.java.dependencyView.Mappings.<init>(Mappings.java:125)
	at org.jetbrains.jps.incremental.storage.BuildDataManager.<init>(BuildDataManager.java:79)
	at org.jetbrains.jps.cmdline.BuildRunner.load(BuildRunner.java:82)
	at org.jetbrains.jps.cmdline.BuildMain.main(BuildMain.java:117)
	at java.base/jdk.internal.reflect.NativeMethodAccessorImpl.invoke0(Native Method)
	at java.base/jdk.internal.reflect.NativeMethodAccessorImpl.invoke(NativeMethodAccessorImpl.java:77)
	at java.base/jdk.internal.reflect.DelegatingMethodAccessorImpl.invoke(DelegatingMethodAccessorImpl.java:43)
	at java.base/java.lang.reflect.Method.invoke(Method.java:569)
	at org.jetbrains.jps.cmdline.Launcher.main(Launcher.java:43)
2026-04-28 10:27:00,588 [    191]   INFO - #c.i.u.i.ResizeableMappedFile - Can't find .len file for /Users/jelenagajdas/IdeaProjects/untitled/.intellijPlatform/sandbox/untitled/IC-2023.3/system/compile-server/untitled2_7b9cc751/mappings/shortNames.tab, re-creating it from actual file. Storage size = 4096, file size = 4096
java.nio.file.NoSuchFileException: /Users/jelenagajdas/IdeaProjects/untitled/.intellijPlatform/sandbox/untitled/IC-2023.3/system/compile-server/untitled2_7b9cc751/mappings/shortNames.tab.len
	at java.base/sun.nio.fs.UnixException.translateToIOException(UnixException.java:92)
	at java.base/sun.nio.fs.UnixException.rethrowAsIOException(UnixException.java:106)
	at java.base/sun.nio.fs.UnixException.rethrowAsIOException(UnixException.java:111)
	at java.base/sun.nio.fs.UnixFileSystemProvider.newByteChannel(UnixFileSystemProvider.java:218)
	at java.base/java.nio.file.Files.newByteChannel(Files.java:380)
	at java.base/java.nio.file.Files.newByteChannel(Files.java:432)
	at java.base/java.nio.file.spi.FileSystemProvider.newInputStream(FileSystemProvider.java:422)
	at java.base/java.nio.file.Files.newInputStream(Files.java:160)
	at com.intellij.util.io.ResizeableMappedFile.readLength(ResizeableMappedFile.java:193)
	at com.intellij.util.io.ResizeableMappedFile.<init>(ResizeableMappedFile.java:58)
	at com.intellij.util.io.PersistentBTreeEnumerator.<init>(PersistentBTreeEnumerator.java:128)
	at com.intellij.util.io.PersistentEnumerator.createDefaultEnumerator(PersistentEnumerator.java:52)
	at com.intellij.util.io.PersistentMapImpl.<init>(PersistentMapImpl.java:165)
	at com.intellij.util.io.PersistentMapImpl.<init>(PersistentMapImpl.java:140)
	at com.intellij.util.io.PersistentMapBuilder.buildImplementation(PersistentMapBuilder.java:88)
	at com.intellij.util.io.PersistentMapBuilder.build(PersistentMapBuilder.java:71)
	at com.intellij.util.io.PersistentHashMap.<init>(PersistentHashMap.java:45)
	at com.intellij.util.io.PersistentHashMap.<init>(PersistentHashMap.java:71)
	at org.jetbrains.jps.builders.java.dependencyView.IntIntPersistentMultiMaplet.<init>(IntIntPersistentMultiMaplet.java:24)
	at org.jetbrains.jps.builders.java.dependencyView.Mappings.createImplementation(Mappings.java:166)
	at org.jetbrains.jps.builders.java.dependencyView.Mappings.<init>(Mappings.java:125)
	at org.jetbrains.jps.incremental.storage.BuildDataManager.<init>(BuildDataManager.java:79)
	at org.jetbrains.jps.cmdline.BuildRunner.load(BuildRunner.java:82)
	at org.jetbrains.jps.cmdline.BuildMain.main(BuildMain.java:117)
	at java.base/jdk.internal.reflect.NativeMethodAccessorImpl.invoke0(Native Method)
	at java.base/jdk.internal.reflect.NativeMethodAccessorImpl.invoke(NativeMethodAccessorImpl.java:77)
	at java.base/jdk.internal.reflect.DelegatingMethodAccessorImpl.invoke(DelegatingMethodAccessorImpl.java:43)
	at java.base/java.lang.reflect.Method.invoke(Method.java:569)
	at org.jetbrains.jps.cmdline.Launcher.main(Launcher.java:43)
2026-04-28 10:27:00,591 [    194]   INFO - #c.i.u.i.ResizeableMappedFile - Can't find .len file for /Users/jelenagajdas/IdeaProjects/untitled/.intellijPlatform/sandbox/untitled/IC-2023.3/system/compile-server/untitled2_7b9cc751/mappings/classToSource.tab, re-creating it from actual file. Storage size = 4096, file size = 4096
java.nio.file.NoSuchFileException: /Users/jelenagajdas/IdeaProjects/untitled/.intellijPlatform/sandbox/untitled/IC-2023.3/system/compile-server/untitled2_7b9cc751/mappings/classToSource.tab.len
	at java.base/sun.nio.fs.UnixException.translateToIOException(UnixException.java:92)
	at java.base/sun.nio.fs.UnixException.rethrowAsIOException(UnixException.java:106)
	at java.base/sun.nio.fs.UnixException.rethrowAsIOException(UnixException.java:111)
	at java.base/sun.nio.fs.UnixFileSystemProvider.newByteChannel(UnixFileSystemProvider.java:218)
	at java.base/java.nio.file.Files.newByteChannel(Files.java:380)
	at java.base/java.nio.file.Files.newByteChannel(Files.java:432)
	at java.base/java.nio.file.spi.FileSystemProvider.newInputStream(FileSystemProvider.java:422)
	at java.base/java.nio.file.Files.newInputStream(Files.java:160)
	at com.intellij.util.io.ResizeableMappedFile.readLength(ResizeableMappedFile.java:193)
	at com.intellij.util.io.ResizeableMappedFile.<init>(ResizeableMappedFile.java:58)
	at com.intellij.util.io.PersistentBTreeEnumerator.<init>(PersistentBTreeEnumerator.java:128)
	at com.intellij.util.io.PersistentEnumerator.createDefaultEnumerator(PersistentEnumerator.java:52)
	at com.intellij.util.io.PersistentMapImpl.<init>(PersistentMapImpl.java:165)
	at com.intellij.util.io.PersistentMapImpl.<init>(PersistentMapImpl.java:140)
	at com.intellij.util.io.PersistentMapBuilder.buildImplementation(PersistentMapBuilder.java:88)
	at com.intellij.util.io.PersistentMapBuilder.build(PersistentMapBuilder.java:71)
	at com.intellij.util.io.PersistentHashMap.<init>(PersistentHashMap.java:45)
	at com.intellij.util.io.PersistentHashMap.<init>(PersistentHashMap.java:71)
	at org.jetbrains.jps.builders.java.dependencyView.IntObjectPersistentMultiMaplet.<init>(IntObjectPersistentMultiMaplet.java:31)
	at org.jetbrains.jps.builders.java.dependencyView.Mappings.createImplementation(Mappings.java:179)
	at org.jetbrains.jps.builders.java.dependencyView.Mappings.<init>(Mappings.java:125)
	at org.jetbrains.jps.incremental.storage.BuildDataManager.<init>(BuildDataManager.java:79)
	at org.jetbrains.jps.cmdline.BuildRunner.load(BuildRunner.java:82)
	at org.jetbrains.jps.cmdline.BuildMain.main(BuildMain.java:117)
	at java.base/jdk.internal.reflect.NativeMethodAccessorImpl.invoke0(Native Method)
	at java.base/jdk.internal.reflect.NativeMethodAccessorImpl.invoke(NativeMethodAccessorImpl.java:77)
	at java.base/jdk.internal.reflect.DelegatingMethodAccessorImpl.invoke(DelegatingMethodAccessorImpl.java:43)
	at java.base/java.lang.reflect.Method.invoke(Method.java:569)
	at org.jetbrains.jps.cmdline.Launcher.main(Launcher.java:43)
2026-04-28 10:27:00,607 [    210]   INFO - #o.j.j.c.BuildMain - Pre-loaded process ready in 207 ms
2026-04-28 10:27:00,622 [    225]   INFO - #o.j.j.c.BuildMain - Build canceled, but no build session is running. Exiting.
