2026-04-29 15:10:09,394 [      7]   INFO - #c.i.p.i.b.AppStarter - ------------------------------------------------------ IDE STARTED ------------------------------------------------------
2026-04-29 15:10:09,398 [     11]   INFO - #c.i.p.i.b.AppStarter - Will skip the config import to directory "/Users/jelenagajdas/IdeaProjects/ai-plugin-jetbrainsInternship/plugin/.intellijPlatform/sandbox/untitled/IC-2025.1/system_runIdeFrontend/frontend/frontend/per_process_config_0" (exists = true). Current entries: "process.lock", "disabled_plugins.txt".
2026-04-29 15:10:09,400 [     13]   INFO - #c.i.u.EnvironmentUtil - loading shell env: /bin/zsh -l -i -c '/Users/jelenagajdas/.gradle/caches/9.3.0/transforms/cd09c066df3ee9c64fc0a9f0dd867f95/transformed/ideaIC-2025.1-aarch64/bin/printenv' > '/var/folders/7h/3mq5k6k507j9f04f9x7zm7bh0000gn/T/ij-env-tmp-dir6200326133533288471/ij-shell-env-data.tmp'
2026-04-29 15:10:09,404 [     17]   INFO - #c.i.p.i.b.AppStarter - JNA library (64-bit) loaded in 9 ms
2026-04-29 15:10:09,469 [     82]   INFO - #c.i.p.b.ModuleBasedProductLoadingStrategy - New classpath roots:
/Users/jelenagajdas/.gradle/caches/9.3.0/transforms/cd09c066df3ee9c64fc0a9f0dd867f95/transformed/ideaIC-2025.1-aarch64/plugins/cwm-plugin/lib/frontend-split/frontend-split.jar
/Users/jelenagajdas/.gradle/caches/9.3.0/transforms/cd09c066df3ee9c64fc0a9f0dd867f95/transformed/ideaIC-2025.1-aarch64/plugins/cwm-plugin/lib/modules/intellij.platform.rpc.split.jar
/Users/jelenagajdas/.gradle/caches/9.3.0/transforms/cd09c066df3ee9c64fc0a9f0dd867f95/transformed/ideaIC-2025.1-aarch64/plugins/cwm-plugin/lib/modules/intellij.platform.execution.frontend.split.jar
/Users/jelenagajdas/.gradle/caches/9.3.0/transforms/cd09c066df3ee9c64fc0a9f0dd867f95/transformed/ideaIC-2025.1-aarch64/plugins/cwm-plugin/lib/modules/intellij.platform.vcs.frontend.split.jar
/Users/jelenagajdas/.gradle/caches/9.3.0/transforms/cd09c066df3ee9c64fc0a9f0dd867f95/transformed/ideaIC-2025.1-aarch64/plugins/cwm-plugin/lib/modules/intellij.platform.project.frontend.split.jar
/Users/jelenagajdas/.gradle/caches/9.3.0/transforms/cd09c066df3ee9c64fc0a9f0dd867f95/transformed/ideaIC-2025.1-aarch64/plugins/cwm-plugin/lib/modules/intellij.platform.progress.frontend.split.jar
/Users/jelenagajdas/.gradle/caches/9.3.0/transforms/cd09c066df3ee9c64fc0a9f0dd867f95/transformed/ideaIC-2025.1-aarch64/lib/modules/intellij.platform.debugger.impl.frontend.jar
/Users/jelenagajdas/.gradle/caches/9.3.0/transforms/cd09c066df3ee9c64fc0a9f0dd867f95/transformed/ideaIC-2025.1-aarch64/lib/modules/intellij.platform.searchEverywhere.frontend.jar
/Users/jelenagajdas/.gradle/caches/9.3.0/transforms/cd09c066df3ee9c64fc0a9f0dd867f95/transformed/ideaIC-2025.1-aarch64/lib/modules/intellij.platform.vcs.impl.frontend.jar
/Users/jelenagajdas/.gradle/caches/9.3.0/transforms/cd09c066df3ee9c64fc0a9f0dd867f95/transformed/ideaIC-2025.1-aarch64/lib/modules/intellij.platform.bookmarks.frontend.jar
/Users/jelenagajdas/.gradle/caches/9.3.0/transforms/cd09c066df3ee9c64fc0a9f0dd867f95/transformed/ideaIC-2025.1-aarch64/lib/modules/intellij.platform.recentFiles.frontend.jar
/Users/jelenagajdas/.gradle/caches/9.3.0/transforms/cd09c066df3ee9c64fc0a9f0dd867f95/transformed/ideaIC-2025.1-aarch64/lib/app-client.jar
/Users/jelenagajdas/.gradle/caches/9.3.0/transforms/cd09c066df3ee9c64fc0a9f0dd867f95/transformed/ideaIC-2025.1-aarch64/plugins/performanceTesting-async/lib/modules/intellij.profiler.asyncOne.jar
/Users/jelenagajdas/.gradle/caches/9.3.0/transforms/cd09c066df3ee9c64fc0a9f0dd867f95/transformed/ideaIC-2025.1-aarch64/plugins/performanceTesting-async/lib/performanceTesting-async.jar
/Users/jelenagajdas/.gradle/caches/9.3.0/transforms/cd09c066df3ee9c64fc0a9f0dd867f95/transformed/ideaIC-2025.1-aarch64/plugins/cwm-plugin/lib/frontend-split/platform-ssh.jar
/Users/jelenagajdas/.gradle/caches/9.3.0/transforms/cd09c066df3ee9c64fc0a9f0dd867f95/transformed/ideaIC-2025.1-aarch64/plugins/cwm-plugin/lib/frontend-split/cwm-frontend.jar
/Users/jelenagajdas/.gradle/caches/9.3.0/transforms/cd09c066df3ee9c64fc0a9f0dd867f95/transformed/ideaIC-2025.1-aarch64/lib/modules/intellij.libraries.skiko.jar
/Users/jelenagajdas/.gradle/caches/9.3.0/transforms/cd09c066df3ee9c64fc0a9f0dd867f95/transformed/ideaIC-2025.1-aarch64/lib/modules/intellij.platform.compose.jar
/Users/jelenagajdas/.gradle/caches/9.3.0/transforms/cd09c066df3ee9c64fc0a9f0dd867f95/transformed/ideaIC-2025.1-aarch64/lib/modules/intellij.platform.jewel.foundation.jar
/Users/jelenagajdas/.gradle/caches/9.3.0/transforms/cd09c066df3ee9c64fc0a9f0dd867f95/transformed/ideaIC-2025.1-aarch64/lib/modules/intellij.platform.jewel.ui.jar
/Users/jelenagajdas/.gradle/caches/9.3.0/transforms/cd09c066df3ee9c64fc0a9f0dd867f95/transformed/ideaIC-2025.1-aarch64/lib/modules/intellij.libraries.compose.foundation.desktop.jar
/Users/jelenagajdas/.gradle/caches/9.3.0/transforms/cd09c066df3ee9c64fc0a9f0dd867f95/transformed/ideaIC-2025.1-aarch64/lib/modules/intellij.platform.jewel.ideLafBridge.jar
/Users/jelenagajdas/.gradle/caches/9.3.0/transforms/cd09c066df3ee9c64fc0a9f0dd867f95/transformed/ideaIC-2025.1-aarch64/lib/modules/intellij.platform.jewel.markdown.core.jar
/Users/jelenagajdas/.gradle/caches/9.3.0/transforms/cd09c066df3ee9c64fc0a9f0dd867f95/transformed/ideaIC-2025.1-aarch64/lib/modules/intellij.platform.jewel.markdown.ideLafBridgeStyling.jar
/Users/jelenagajdas/.gradle/caches/9.3.0/transforms/cd09c066df3ee9c64fc0a9f0dd867f95/transformed/ideaIC-2025.1-aarch64/lib/modules/intellij.platform.jewel.markdown.extension.gfmAlerts.jar
/Users/jelenagajdas/.gradle/caches/9.3.0/transforms/cd09c066df3ee9c64fc0a9f0dd867f95/transformed/ideaIC-2025.1-aarch64/lib/modules/intellij.platform.jewel.markdown.extension.gfmTables.jar
/Users/jelenagajdas/.gradle/caches/9.3.0/transforms/cd09c066df3ee9c64fc0a9f0dd867f95/transformed/ideaIC-2025.1-aarch64/plugins/cwm-plugin/lib/modules/intellij.platform.inline.completion.split.jar
/Users/jelenagajdas/.gradle/caches/9.3.0/transforms/cd09c066df3ee9c64fc0a9f0dd867f95/transformed/ideaIC-2025.1-aarch64/plugins/cwm-plugin/lib/modules/intellij.platform.inline.completion.frontend.split.jar
/Users/jelenagajdas/.gradle/caches/9.3.0/transforms/cd09c066df3ee9c64fc0a9f0dd867f95/transformed/ideaIC-2025.1-aarch64/lib/modules/intellij.platform.editor.frontend.jar
/Users/jelenagajdas/.gradle/caches/9.3.0/transforms/cd09c066df3ee9c64fc0a9f0dd867f95/transformed/ideaIC-2025.1-aarch64/lib/annotations.jar
/Users/jelenagajdas/.gradle/caches/9.3.0/transforms/cd09c066df3ee9c64fc0a9f0dd867f95/transformed/ideaIC-2025.1-aarch64/lib/util-8.jar
/Users/jelenagajdas/.gradle/caches/9.3.0/transforms/cd09c066df3ee9c64fc0a9f0dd867f95/transformed/ideaIC-2025.1-aarch64/lib/rd.jar
/Users/jelenagajdas/.gradle/caches/9.3.0/transforms/cd09c066df3ee9c64fc0a9f0dd867f95/transformed/ideaIC-2025.1-aarch64/lib/stats.jar
/Users/jelenagajdas/.gradle/caches/9.3.0/transforms/cd09c066df3ee9c64fc0a9f0dd867f95/transformed/ideaIC-2025.1-aarch64/lib/lib-client.jar
/Users/jelenagajdas/.gradle/caches/9.3.0/transforms/cd09c066df3ee9c64fc0a9f0dd867f95/transformed/ideaIC-2025.1-aarch64/lib/util_rt.jar
/Users/jelenagajdas/.gradle/caches/9.3.0/transforms/cd09c066df3ee9c64fc0a9f0dd867f95/transformed/ideaIC-2025.1-aarch64/lib/util.jar
/Users/jelenagajdas/.gradle/caches/9.3.0/transforms/cd09c066df3ee9c64fc0a9f0dd867f95/transformed/ideaIC-2025.1-aarch64/lib/opentelemetry.jar
/Users/jelenagajdas/.gradle/caches/9.3.0/transforms/cd09c066df3ee9c64fc0a9f0dd867f95/transformed/ideaIC-2025.1-aarch64/lib/jps-model.jar
/Users/jelenagajdas/.gradle/caches/9.3.0/transforms/cd09c066df3ee9c64fc0a9f0dd867f95/transformed/ideaIC-2025.1-aarch64/lib/bouncy-castle.jar
/Users/jelenagajdas/.gradle/caches/9.3.0/transforms/cd09c066df3ee9c64fc0a9f0dd867f95/transformed/ideaIC-2025.1-aarch64/plugins/cwm-plugin/lib/rd.jar
/Users/jelenagajdas/.gradle/caches/9.3.0/transforms/cd09c066df3ee9c64fc0a9f0dd867f95/transformed/ideaIC-2025.1-aarch64/lib/forms_rt.jar
/Users/jelenagajdas/.gradle/caches/9.3.0/transforms/cd09c066df3ee9c64fc0a9f0dd867f95/transformed/ideaIC-2025.1-aarch64/lib/kotlinx-coroutines-slf4j-1.8.0-intellij.jar
/Users/jelenagajdas/.gradle/caches/9.3.0/transforms/cd09c066df3ee9c64fc0a9f0dd867f95/transformed/ideaIC-2025.1-aarch64/lib/external-system-rt.jar
/Users/jelenagajdas/.gradle/caches/9.3.0/transforms/cd09c066df3ee9c64fc0a9f0dd867f95/transformed/ideaIC-2025.1-aarch64/lib/groovy.jar
/Users/jelenagajdas/.gradle/caches/9.3.0/transforms/cd09c066df3ee9c64fc0a9f0dd867f95/transformed/ideaIC-2025.1-aarch64/lib/protobuf.jar
/Users/jelenagajdas/.gradle/caches/9.3.0/transforms/cd09c066df3ee9c64fc0a9f0dd867f95/transformed/ideaIC-2025.1-aarch64/lib/modules/intellij.platform.settings.local.jar
/Users/jelenagajdas/.gradle/caches/9.3.0/transforms/cd09c066df3ee9c64fc0a9f0dd867f95/transformed/ideaIC-2025.1-aarch64/lib/nio-fs.jar
/Users/jelenagajdas/.gradle/caches/9.3.0/transforms/cd09c066df3ee9c64fc0a9f0dd867f95/transformed/ideaIC-2025.1-aarch64/plugins/cwm-plugin/lib/frontend-split/rd-client.jar
/Users/jelenagajdas/.gradle/caches/9.3.0/transforms/cd09c066df3ee9c64fc0a9f0dd867f95/transformed/ideaIC-2025.1-aarch64/plugins/cwm-plugin/lib/split-protocol.jar
/Users/jelenagajdas/.gradle/caches/9.3.0/transforms/cd09c066df3ee9c64fc0a9f0dd867f95/transformed/ideaIC-2025.1-aarch64/plugins/cwm-plugin/lib/split.jar
/Users/jelenagajdas/.gradle/caches/9.3.0/transforms/cd09c066df3ee9c64fc0a9f0dd867f95/transformed/ideaIC-2025.1-aarch64/plugins/cwm-plugin/lib/quiche-jna-stubs.jar
/Users/jelenagajdas/.gradle/caches/9.3.0/transforms/cd09c066df3ee9c64fc0a9f0dd867f95/transformed/ideaIC-2025.1-aarch64/plugins/cwm-plugin/lib/jnaerator-runtime.jar
/Users/jelenagajdas/.gradle/caches/9.3.0/transforms/cd09c066df3ee9c64fc0a9f0dd867f95/transformed/ideaIC-2025.1-aarch64/plugins/cwm-plugin/lib/jstun.jar
/Users/jelenagajdas/.gradle/caches/9.3.0/transforms/cd09c066df3ee9c64fc0a9f0dd867f95/transformed/ideaIC-2025.1-aarch64/plugins/cwm-plugin/lib/tls-channel.jar
/Users/jelenagajdas/.gradle/caches/9.3.0/transforms/cd09c066df3ee9c64fc0a9f0dd867f95/transformed/ideaIC-2025.1-aarch64/plugins/cwm-plugin/lib/ice4j.jar
/Users/jelenagajdas/.gradle/caches/9.3.0/transforms/cd09c066df3ee9c64fc0a9f0dd867f95/transformed/ideaIC-2025.1-aarch64/plugins/cwm-plugin/lib/jitsi-utils.jar
/Users/jelenagajdas/.gradle/caches/9.3.0/transforms/cd09c066df3ee9c64fc0a9f0dd867f95/transformed/ideaIC-2025.1-aarch64/lib/jsch-agent.jar
/Users/jelenagajdas/.gradle/caches/9.3.0/transforms/cd09c066df3ee9c64fc0a9f0dd867f95/transformed/ideaIC-2025.1-aarch64/plugins/cwm-plugin/lib/grpc-netty-shaded.jar
/Users/jelenagajdas/.gradle/caches/9.3.0/transforms/cd09c066df3ee9c64fc0a9f0dd867f95/transformed/ideaIC-2025.1-aarch64/plugins/cwm-plugin/lib/remote-controller.jar
/Users/jelenagajdas/.gradle/caches/9.3.0/transforms/cd09c066df3ee9c64fc0a9f0dd867f95/transformed/ideaIC-2025.1-aarch64/lib/externalProcess-rt.jar
/Users/jelenagajdas/.gradle/caches/9.3.0/transforms/cd09c066df3ee9c64fc0a9f0dd867f95/transformed/ideaIC-2025.1-aarch64/plugins/cwm-plugin/lib/java-websocket.jar
/Users/jelenagajdas/.gradle/caches/9.3.0/transforms/cd09c066df3ee9c64fc0a9f0dd867f95/transformed/ideaIC-2025.1-aarch64/plugins/performanceTesting/lib/performanceTesting.jar
/Users/jelenagajdas/.gradle/caches/9.3.0/transforms/cd09c066df3ee9c64fc0a9f0dd867f95/transformed/ideaIC-2025.1-aarch64/lib/modules/intellij.platform.navbar.monolith.jar
/Users/jelenagajdas/.gradle/caches/9.3.0/transforms/cd09c066df3ee9c64fc0a9f0dd867f95/transformed/ideaIC-2025.1-aarch64/lib/modules/intellij.platform.navbar.backend.jar
/Users/jelenagajdas/.gradle/caches/9.3.0/transforms/cd09c066df3ee9c64fc0a9f0dd867f95/transformed/ideaIC-2025.1-aarch64/lib/modules/intellij.platform.navbar.jar
/Users/jelenagajdas/.gradle/caches/9.3.0/transforms/cd09c066df3ee9c64fc0a9f0dd867f95/transformed/ideaIC-2025.1-aarch64/lib/modules/intellij.platform.navbar.frontend.jar
/Users/jelenagajdas/.gradle/caches/9.3.0/transforms/cd09c066df3ee9c64fc0a9f0dd867f95/transformed/ideaIC-2025.1-aarch64/lib/modules/intellij.platform.frontend.jar
/Users/jelenagajdas/.gradle/caches/9.3.0/transforms/cd09c066df3ee9c64fc0a9f0dd867f95/transformed/ideaIC-2025.1-aarch64/lib/modules/intellij.platform.execution.dashboard.jar
/Users/jelenagajdas/.gradle/caches/9.3.0/transforms/cd09c066df3ee9c64fc0a9f0dd867f95/transformed/ideaIC-2025.1-aarch64/lib/modules/intellij.platform.execution.serviceView.jar
/Users/jelenagajdas/.gradle/caches/9.3.0/transforms/cd09c066df3ee9c64fc0a9f0dd867f95/transformed/ideaIC-2025.1-aarch64/plugins/cwm-plugin/lib/vcs-protocol.jar
/Users/jelenagajdas/.gradle/caches/9.3.0/transforms/cd09c066df3ee9c64fc0a9f0dd867f95/transformed/ideaIC-2025.1-aarch64/plugins/cwm-plugin/lib/modules/intellij.platform.vcs.common.split.jar
/Users/jelenagajdas/.gradle/caches/9.3.0/transforms/cd09c066df3ee9c64fc0a9f0dd867f95/transformed/ideaIC-2025.1-aarch64/lib/modules/intellij.platform.searchEverywhere.jar
/Users/jelenagajdas/.gradle/caches/9.3.0/transforms/cd09c066df3ee9c64fc0a9f0dd867f95/transformed/ideaIC-2025.1-aarch64/lib/modules/intellij.platform.clouds.jar
/Users/jelenagajdas/.gradle/caches/9.3.0/transforms/cd09c066df3ee9c64fc0a9f0dd867f95/transformed/ideaIC-2025.1-aarch64/lib/modules/intellij.platform.inline.completion.jar
/Users/jelenagajdas/.gradle/caches/9.3.0/transforms/cd09c066df3ee9c64fc0a9f0dd867f95/transformed/ideaIC-2025.1-aarch64/lib/modules/intellij.platform.vcs.impl.shared.jar
/Users/jelenagajdas/.gradle/caches/9.3.0/transforms/cd09c066df3ee9c64fc0a9f0dd867f95/transformed/ideaIC-2025.1-aarch64/lib/modules/intellij.platform.recentFiles.jar
/Users/jelenagajdas/.gradle/caches/9.3.0/transforms/cd09c066df3ee9c64fc0a9f0dd867f95/transformed/ideaIC-2025.1-aarch64/plugins/performanceTesting-async/lib/async-profiler.jar
/Users/jelenagajdas/.gradle/caches/9.3.0/transforms/cd09c066df3ee9c64fc0a9f0dd867f95/transformed/ideaIC-2025.1-aarch64/plugins/cwm-plugin/lib/cwm-plugin-common.jar
/Users/jelenagajdas/.gradle/caches/9.3.0/transforms/cd09c066df3ee9c64fc0a9f0dd867f95/transformed/ideaIC-2025.1-aarch64/lib/modules/intellij.platform.editor.jar
2026-04-29 15:10:09,475 [     88]   INFO - #c.i.u.EnvironmentUtil - shell environment loaded (23 vars)
2026-04-29 15:10:09,482 [     95]   INFO - #c.i.p.i.b.AppStarter - IDE: IntelliJ IDEA (build #JBC-251.23774.435, Mon, 14 Apr 2025 15:00:00 GMT)
2026-04-29 15:10:09,482 [     95]   INFO - #c.i.p.i.b.AppStarter - OS: Mac OS X (26.4.1)
2026-04-29 15:10:09,483 [     96]   INFO - #c.i.p.i.b.AppStarter - JRE: 21.0.6+9-b895.109, aarch64 (JetBrains s.r.o.)
2026-04-29 15:10:09,483 [     96]   INFO - #c.i.p.i.b.AppStarter - JVM: 21.0.6+9-b895.109 (OpenJDK 64-Bit Server VM)
2026-04-29 15:10:09,484 [     97]   INFO - #c.i.p.i.b.AppStarter - PID: 13913
2026-04-29 15:10:09,494 [    107]   INFO - #c.i.p.i.b.AppStarter - JVM options: [-Daether.connector.resumeDownloads=false, -Dapple.awt.application.appearance=system, -Dapple.awt.fileDialogForDirectories=true, -Dapple.laf.useScreenMenuBar=true, -Dcompose.swing.render.on.graphics=true, -Dide.native.launcher=false, -Dide.no.platform.update=true, -Didea.auto.reload.plugins=true, -Didea.classpath.index.enabled=false, -Didea.initially.ask.config=never, -Didea.is.internal=true, -Didea.paths.customizer=com.intellij.platform.ide.impl.startup.multiProcess.FrontendProcessPathCustomizer, -Didea.paths.selector=IdeaIC2025.1, -Didea.platform.prefix=JetBrainsClient, -Didea.plugin.in.sandbox.mode=true, -Didea.properties.file=/Users/jelenagajdas/IdeaProjects/ai-plugin-jetbrainsInternship/plugin/.intellijPlatform/sandbox/untitled/IC-2025.1/frontend.properties, -Didea.smooth.progress=false, -Didea.vendor.name=JetBrains, -Dintellij.platform.full.ide.product.code=IC, -Dintellij.platform.load.app.info.from.resources=true, -Dintellij.platform.product.mode=frontend, -Dintellij.platform.root.module=intellij.idea.frontend.split, -Dintellij.platform.runtime.repository.path=/Users/jelenagajdas/.gradle/caches/9.3.0/transforms/cd09c066df3ee9c64fc0a9f0dd867f95/transformed/ideaIC-2025.1-aarch64/modules/module-descriptors.jar, -Dio.netty.allocator.type=pooled, -Djava.system.class.loader=com.intellij.util.lang.PathClassLoader, -Djava.util.zip.use.nio.for.zip.file.access=true, -Djbr.catch.SIGABRT=true, -Djdk.attach.allowAttachSelf=true, -Djdk.http.auth.tunneling.disabledSchemes="", -Djdk.module.illegalAccess.silent=true, -Djdk.nio.maxCachedBufferSize=2097152, -Djna.boot.library.path=/Users/jelenagajdas/.gradle/caches/9.3.0/transforms/cd09c066df3ee9c64fc0a9f0dd867f95/transformed/ideaIC-2025.1-aarch64/lib/jna/aarch64, -Djna.noclasspath=true, -Djna.nosys=true, -Dnosplash=true, -Dpty4j.preferred.native.folder=/Users/jelenagajdas/.gradle/caches/9.3.0/transforms/cd09c066df3ee9c64fc0a9f0dd867f95/transformed/ideaIC-2025.1-aarch64/lib/pty4j, -Dsplash=true, -Dsun.io.useCanonCaches=false, -Dsun.java2d.metal=true, -XX:ReservedCodeCacheSize=512m, -XX:+HeapDumpOnOutOfMemoryError, -XX:-OmitStackTraceInFastThrow, -XX:CICompilerCount=2, -XX:+IgnoreUnrecognizedVMOptions, -XX:+UnlockDiagnosticVMOptions, -XX:TieredOldPercentage=100000, --add-opens=java.base/java.io=ALL-UNNAMED, --add-opens=java.base/java.lang=ALL-UNNAMED, --add-opens=java.base/java.lang.ref=ALL-UNNAMED, --add-opens=java.base/java.lang.reflect=ALL-UNNAMED, --add-opens=java.base/java.net=ALL-UNNAMED, --add-opens=java.base/java.nio=ALL-UNNAMED, --add-opens=java.base/java.nio.charset=ALL-UNNAMED, --add-opens=java.base/java.text=ALL-UNNAMED, --add-opens=java.base/java.time=ALL-UNNAMED, --add-opens=java.base/java.util=ALL-UNNAMED, --add-opens=java.base/java.util.concurrent=ALL-UNNAMED, --add-opens=java.base/java.util.concurrent.atomic=ALL-UNNAMED, --add-opens=java.base/java.util.concurrent.locks=ALL-UNNAMED, --add-opens=java.base/jdk.internal.vm=ALL-UNNAMED, --add-opens=java.base/sun.net.dns=ALL-UNNAMED, --add-opens=java.base/sun.nio.ch=ALL-UNNAMED, --add-opens=java.base/sun.nio.fs=ALL-UNNAMED, --add-opens=java.base/sun.security.ssl=ALL-UNNAMED, --add-opens=java.base/sun.security.util=ALL-UNNAMED, --add-opens=java.desktop/com.apple.eawt=ALL-UNNAMED, --add-opens=java.desktop/com.apple.eawt.event=ALL-UNNAMED, --add-opens=java.desktop/com.apple.laf=ALL-UNNAMED, --add-opens=java.desktop/com.sun.java.swing=ALL-UNNAMED, --add-opens=java.desktop/java.awt=ALL-UNNAMED, --add-opens=java.desktop/java.awt.dnd.peer=ALL-UNNAMED, --add-opens=java.desktop/java.awt.event=ALL-UNNAMED, --add-opens=java.desktop/java.awt.font=ALL-UNNAMED, --add-opens=java.desktop/java.awt.image=ALL-UNNAMED, --add-opens=java.desktop/java.awt.peer=ALL-UNNAMED, --add-opens=java.desktop/javax.swing=ALL-UNNAMED, --add-opens=java.desktop/javax.swing.plaf.basic=ALL-UNNAMED, --add-opens=java.desktop/javax.swing.text=ALL-UNNAMED, --add-opens=java.desktop/javax.swing.text.html=ALL-UNNAMED, --add-opens=java.desktop/sun.awt=ALL-UNNAMED, --add-opens=java.desktop/sun.awt.datatransfer=ALL-UNNAMED, --add-opens=java.desktop/sun.awt.image=ALL-UNNAMED, --add-opens=java.desktop/sun.font=ALL-UNNAMED, --add-opens=java.desktop/sun.java2d=ALL-UNNAMED, --add-opens=java.desktop/sun.lwawt=ALL-UNNAMED, --add-opens=java.desktop/sun.lwawt.macosx=ALL-UNNAMED, --add-opens=java.desktop/sun.swing=ALL-UNNAMED, --add-opens=java.management/sun.management=ALL-UNNAMED, --add-opens=jdk.attach/sun.tools.attach=ALL-UNNAMED, --add-opens=jdk.compiler/com.sun.tools.javac.api=ALL-UNNAMED, --add-opens=jdk.internal.jvmstat/sun.jvmstat.monitor=ALL-UNNAMED, --add-opens=jdk.jdi/com.sun.tools.jdi=ALL-UNNAMED, -Xms128m, -Xmx1500m, -Dfile.encoding=UTF-8, -Duser.country=US, -Duser.language=en, -Duser.variant, -ea]
2026-04-29 15:10:09,494 [    107]   INFO - #c.i.p.i.b.AppStarter - args: thinClient tcp://127.0.0.1:5990#jt=36b5704d-97d9-4f68-8475-92a3d0cf233d&p=IC&fp=F7D994B87EC04296FF3C4D996A19A4160046CA77B3918546D7A8D2203B6D5BD2&cb=251.23774.435&newUi=true&jb=21.0.6b895.109&remoteId=Split%20Mode --refresh-split-mode-token=true
2026-04-29 15:10:09,494 [    107]   INFO - #c.i.p.i.b.AppStarter - library path: /Users/jelenagajdas/Library/Java/Extensions:/Library/Java/Extensions:/Network/Library/Java/Extensions:/System/Library/Java/Extensions:/usr/lib/java:.
2026-04-29 15:10:09,494 [    107]   INFO - #c.i.p.i.b.AppStarter - boot library path: /Users/jelenagajdas/.gradle/caches/9.3.0/transforms/cd09c066df3ee9c64fc0a9f0dd867f95/transformed/ideaIC-2025.1-aarch64/jbr/Contents/Home/lib
2026-04-29 15:10:09,498 [    111]   INFO - #c.i.p.i.b.AppStarter - locale=en_US JNU=UTF-8 file.encoding=UTF-8
    idea.config.path=/Users/jelenagajdas/IdeaProjects/ai-plugin-jetbrainsInternship/plugin/.intellijPlatform/sandbox/untitled/IC-2025.1/system_runIdeFrontend/frontend/frontend/per_process_config_0
    idea.system.path=/Users/jelenagajdas/IdeaProjects/ai-plugin-jetbrainsInternship/plugin/.intellijPlatform/sandbox/untitled/IC-2025.1/system_runIdeFrontend/frontend/frontend/per_process_system_0
    idea.plugins.path=/Users/jelenagajdas/IdeaProjects/ai-plugin-jetbrainsInternship/plugin/.intellijPlatform/sandbox/untitled/IC-2025.1/plugins_runIdeFrontend/frontend -> java.nio.file.NoSuchFileException: /Users/jelenagajdas/IdeaProjects/ai-plugin-jetbrainsInternship/plugin/.intellijPlatform/sandbox/untitled/IC-2025.1/plugins_runIdeFrontend/frontend
    idea.log.path=/Users/jelenagajdas/IdeaProjects/ai-plugin-jetbrainsInternship/plugin/.intellijPlatform/sandbox/untitled/IC-2025.1/log_runIdeFrontend/frontend/2026-04-29_at_15-10-09
2026-04-29 15:10:09,502 [    115]   INFO - #c.i.p.i.b.AppStarter - CPU cores: 10; ForkJoinPool.commonPool: java.util.concurrent.ForkJoinPool@1ad4cc22[Running, parallelism = 9, size = 0, active = 0, running = 0, steals = 0, tasks = 0, submissions = 0]; factory: com.intellij.concurrency.IdeaForkJoinWorkerThreadFactory@69ea140d
2026-04-29 15:10:09,546 [    159]   INFO - #c.i.i.p.PluginManager - Module intellij.markdown.model is not enabled because dependency com.intellij.modules.xml is not available
Module intellij.markdown.xml is not enabled because dependency com.intellij.modules.xml is not available
Module intellij.markdown.frontmatter.toml is not enabled because dependency org.intellij.intelliLang is not available
Module intellij.markdown.frontmatter is not enabled because dependency org.intellij.intelliLang is not available
Module intellij.markdown.fenceInjection is not enabled because dependency org.intellij.intelliLang is not available
Module intellij.markdown.images is not enabled because dependency com.intellij.modules.xml is not available
Module intellij.terminal.sh is not enabled because dependency com.jetbrains.sh is not available
Module intellij.terminal/cloud is not enabled because dependency com.intellij.modules.remoteServers is not available
Module intellij.platform.editor.backend is not enabled because dependency com.intellij.platform.experimental.backend is not available
Module intellij.platform.clouds is not enabled because dependency com.intellij.modules.remoteServers is not available
Module intellij.platform.progress.backend is not enabled because dependency com.intellij.platform.experimental.backend is not available
Module intellij.platform.project.backend is not enabled because dependency com.intellij.platform.experimental.backend is not available
Module intellij.platform.rpc.backend is not enabled because dependency com.intellij.platform.experimental.backend is not available
Module intellij.platform.searchEverywhere.backend is not enabled because dependency intellij.platform.rpc.backend is not available
Module intellij.platform.kernel.backend is not enabled because dependency intellij.platform.rpc.backend is not available
Module intellij.terminal.backend is not enabled because dependency intellij.platform.kernel.backend is not available
Module intellij.platform.recentFiles.backend is not enabled because dependency intellij.platform.kernel.backend is not available
Module intellij.platform.bookmarks.backend is not enabled because dependency intellij.platform.kernel.backend is not available
Module intellij.platform.debugger.impl.backend is not enabled because dependency intellij.platform.kernel.backend is not available
Module intellij.performanceTesting.vcs is not enabled because dependency intellij.platform.vcs.impl is not available
Module intellij.yaml.backend is not enabled because dependency com.intellij.modules.json is not available
Module intellij.markdown.frontmatter.yaml is not enabled because dependency intellij.yaml.backend is not available
2026-04-29 15:10:09,553 [    166]   INFO - #c.i.i.p.PluginManager - Loaded bundled plugins: IDEA CORE (251.23774.435), Korean Language Pack / 한국어 언어 팩 (251.23774.435), Markdown (251.23774.435), Images (251.23774.435), IntelliJ IDEA Frontend Customization (251.23774.435), Terminal for JetBrains Client (251.23774.435), Terminal (251.23774.435), Visual Studio Keymap (251.23774.435), NetBeans Keymap (251.23774.435), Japanese Language Pack / 日本語言語パック (251.23774.435), Eclipse Keymap (251.23774.435), Chinese (Simplified) Language Pack / 中文语言包 (251.23774.435), YAML (251.23774.435), Performance Testing (251.23774.435), Performance testing driver for JetBrains Client (251.23774.435), Performance Testing For RemDev (251.23774.435), JSON Extension for Remote Client (251.23774.435), Markdown for JetBrains Client (251.23774.435), Java Extension for Remote Client (251.23774.435), Station (251.23774.435)
2026-04-29 15:10:09,719 [    332]   INFO - #c.i.u.m.s.Menu - use new ScreenMenuBar implementation
2026-04-29 15:10:09,724 [    337]   WARN - #c.i.o.a.Application - No URL bundle (CFBundleURLTypes) is defined in the main bundle.
To be able to open external links, specify protocols in the app layout section of the build file.
Example: args.urlSchemes = ["your-protocol"] will handle following links: your-protocol://open?file=file&line=line
2026-04-29 15:10:09,895 [    508]   INFO - c.i.p.i.IdeFingerprint - Calculated dependencies fingerprint in 5 ms (hash=3u86e2u727d65, buildTime=1744642800, appVersion=JBC-251.23774.435)
2026-04-29 15:10:09,937 [    550]   INFO - #c.i.p.k.f.s.FrontendKernelServiceKt - Frontend started Kernel
2026-04-29 15:10:09,939 [    552]   INFO - #c.i.u.i.PageCacheUtils - File page caching params:
	DEFAULT_PAGE_SIZE: 10485760
	Direct memory to use, max: 1556086784
	FilePageCache: regular
	Regular FilePageCache: 629145600 bytes
	DirectByteBuffers pool: 104857600 bytes
2026-04-29 15:10:09,941 [    554]   INFO - #c.i.o.v.n.p.PersistentFSLoader - VFS uses names enumerator over mmapped file
2026-04-29 15:10:09,941 [    554]   INFO - #c.i.o.v.n.p.PersistentFSLoader - VFS uses streamlined attributes storage (over mmapped file)
2026-04-29 15:10:09,941 [    554]   INFO - #c.i.o.v.n.p.PersistentFSLoader - VFS uses OverMMappedFile(pageSize=67108864, acquireStorageOwnership=true) storage for main file records table
2026-04-29 15:10:09,941 [    554]   INFO - #c.i.o.v.n.p.PersistentFSLoader - VFS uses content storage over memory-mapped file, with compression algo: LZ4[ > 8000b ]
2026-04-29 15:10:09,956 [    569]   INFO - #fleet.kernel.rebase.RebaseLogger - [Kernel@bgu1r54c3k8dv286ae0p] connects to workspace as hnb9dsu0jbc952cuesme
2026-04-29 15:10:09,969 [    582]   INFO - #c.i.p.r.s.RdTransportFactory - Creating transport
2026-04-29 15:10:09,969 [    582]   INFO - #c.i.p.k.f.s.FrontendRemoteApiProviderService - RdTransportFactory requests actual protocol instance
2026-04-29 15:10:09,990 [    603]   INFO - #c.i.o.a.ConfigImportHelper - [i18n] Localization property from registry is null
2026-04-29 15:10:09,995 [    608]   INFO - #c.i.a.o.PathMacrosImpl - Loaded path macros: {}
2026-04-29 15:10:10,002 [    615]   INFO - c.i.o.u.r.overrides - Plugin com.intellij overrides the registry key ide.check.windows.defender.rules declared by plugin com.intellij.
2026-04-29 15:10:10,015 [    628]   INFO - #c.i.o.v.n.p.PersistentFSLoader - VFS: impl (expected) version=846400, 0 file records, 0 content blobs
2026-04-29 15:10:10,019 [    632]   INFO - #c.i.o.v.n.p.FSRecordsImpl - VFS initialized: 81 ms, 0 failed attempts, 0 error(s) were recovered
2026-04-29 15:10:10,019 [    632]   INFO - #c.i.i.p.ExpiredPluginsState - Plugins to skip: []
2026-04-29 15:10:10,020 [    633]   INFO - #c.i.o.v.n.p.FSRecordsImpl - VFS scanned: file-by-name index was populated
2026-04-29 15:10:10,030 [    643]   INFO - #c.i.o.v.n.p.PersistentFSImpl - VFS.MAX_FILE_LENGTH_TO_CACHE: 1048576
2026-04-29 15:10:10,066 [    679]   INFO - #c.i.o.v.i.l.NativeFileWatcherImpl - Starting file watcher: /Users/jelenagajdas/.gradle/caches/9.3.0/transforms/cd09c066df3ee9c64fc0a9f0dd867f95/transformed/ideaIC-2025.1-aarch64/bin/fsnotifier
2026-04-29 15:10:10,070 [    683]   INFO - #c.i.u.i.c.d.IndexWriter - Use com.intellij.util.indexing.contentQueue.dev.MultiThreadedWithSuspendIndexWriter@51a399ba as (parallel) index writer implementation
2026-04-29 15:10:10,072 [    685]   INFO - #c.i.u.i.i.SlruIndexStorageCacheProvider - SLRU cache will be used for indexes
2026-04-29 15:10:10,072 [    685]   INFO - #c.i.u.i.i.MapIndexStorageCacheProvider$Companion - Default index storage cache provider [com.intellij.util.indexing.impl.SlruIndexStorageCacheProvider@5369a90e] is used
2026-04-29 15:10:10,072 [    685]   WARN - #c.i.u.n.s.ConfirmingTrustManager - Received an empty list of custom trusted root certificates from the system. Check log above for possible errors, enable debug logging in category 'org.jetbrains.nativecerts' for more information
2026-04-29 15:10:10,074 [    687]   INFO - #c.i.u.i.FileBasedIndexImpl - Loading indexes
2026-04-29 15:10:10,075 [    688]   INFO - #c.i.u.n.s.CertificateManager - Default SSL context initialized
2026-04-29 15:10:10,077 [    690]   INFO - #c.i.o.v.i.l.NativeFileWatcherImpl - Native file watcher is operational.
2026-04-29 15:10:10,097 [    710]   INFO - #c.i.u.i.i.s.IndexStorageLayoutLocator - Layout 'default' will be used to for 'filetypes' index (applicable providers: [default, fake-storage])
2026-04-29 15:10:10,113 [    726]   INFO - #c.j.r.a.ActionsOverrider - Action manager created. Traversing IDE backends: []
2026-04-29 15:10:10,115 [    728]   INFO - #o.j.i.BuiltInServerManager - built-in server started, port 63344
2026-04-29 15:10:10,124 [    737]   INFO - #c.i.o.p.i.s.ProcessPerProjectSharedConfigFolderApplicationInitializedListener - P3 mode is enabled, configuration files with be synchronized with /Users/jelenagajdas/IdeaProjects/ai-plugin-jetbrainsInternship/plugin/.intellijPlatform/sandbox/untitled/IC-2025.1/config_runIdeFrontend/frontend.
2026-04-29 15:10:10,125 [    738]   INFO - #c.i.o.v.n.p.FSRecords - VFS health-check enabled: first after 600000 ms, and each following 43200000 ms, wrap in RA: true
2026-04-29 15:10:10,139 [    752]   INFO - #c.i.u.i.FileBasedIndexImpl - Indices to be built:filetypes(v = 4096)
2026-04-29 15:10:10,139 [    752]   INFO - #c.i.u.i.FileBasedIndexImpl - Using simple flusher for indexes
2026-04-29 15:10:10,141 [    754]   INFO - #c.i.u.i.IndexDataInitializer - Index data initialization done: 64 ms. Initialized indexes: [filetypes].
2026-04-29 15:10:10,149 [    762]   INFO - #c.i.i.p.DynamicPluginVfsListener - Dynamic plugin VFS listener not active, couldn't find plugins root in VFS
2026-04-29 15:10:14,070 [   4683]   INFO - #c.j.t.s.ThinClientStarterBase - Thin client starter begin
2026-04-29 15:10:14,084 [   4697]   INFO - #c.j.t.q.U.Z - Create client connection state: RD Connection State (clientId: C310F2D2E6A54F332600A637091ECDC6716E0581D472E3A459ADB39E96CF817E-1777468209885)
2026-04-29 15:10:14,084 [   4697]   INFO - #c.j.t.q.U.U - Create client connection state: RD Connection State (clientId: C310F2D2E6A54F332600A637091ECDC6716E0581D472E3A459ADB39E96CF817E-1777468209885)
2026-04-29 15:10:14,095 [   4708]   INFO - #c.i.r.OsRegistryConfigProvider - Looking for 'clientDownloadUrl' value in [/Library/Application Support/JetBrains/RemoteDev/clientDownloadUrl, /Library/Application Support/JetBrains/RemoteDev/config.json, /Users/jelenagajdas/Library/Application Support/JetBrains/RemoteDev/clientDownloadUrl, /Users/jelenagajdas/Library/Application Support/JetBrains/RemoteDev/config.json]
2026-04-29 15:10:14,096 [   4709]   INFO - #c.i.r.OsRegistryConfigProvider - OS provided value for 'clientDownloadUrl' is not found
2026-04-29 15:10:14,096 [   4709]   INFO - #c.i.r.OsRegistryConfigProvider - Looking for 'pgpPublicKeyUrl' value in [/Library/Application Support/JetBrains/RemoteDev/pgpPublicKeyUrl, /Library/Application Support/JetBrains/RemoteDev/config.json, /Users/jelenagajdas/Library/Application Support/JetBrains/RemoteDev/pgpPublicKeyUrl, /Users/jelenagajdas/Library/Application Support/JetBrains/RemoteDev/config.json]
2026-04-29 15:10:14,096 [   4709]   INFO - #c.i.r.OsRegistryConfigProvider - OS provided value for 'pgpPublicKeyUrl' is not found
2026-04-29 15:10:14,096 [   4709]   INFO - #c.i.r.d.CodeWithMeClientDownloader - Generated session info: com.intellij.remoteDev.connection.JetBrainsClientDownloadInfo@2ac7e224
2026-04-29 15:10:14,096 [   4709]   INFO - #c.j.t.q.E - Versions matched.
2026-04-29 15:10:14,097 [   4710]   INFO - #c.j.t.q.E - Connection flow created: Default
2026-04-29 15:10:14,098 [   4711]   INFO - #c.i.i.RecentProjectsManager - Skipping last project path update for thin client
2026-04-29 15:10:14,105 [   4718]   INFO - #c.i.c.p.c.c.CwmConnectionStatusService - Session status: null
2026-04-29 15:10:14,105 [   4718]   INFO - #c.i.o.u.i.UpdateCheckerService - channel: release
2026-04-29 15:10:14,105 [   4718]   INFO - #c.i.c.p.c.c.CwmConnectionStatusService - Free session remaining time: null ms (null min)
2026-04-29 15:10:14,111 [   4724]   INFO - #c.i.p.j.JdkEx - === TabbingMode: available ===
2026-04-29 15:10:14,111 [   4724]   INFO - #c.i.u.m.MergeAllWindowsAction - === FullScreenTabSupport: frames: 0 ===
2026-04-29 15:10:14,112 [   4725]   INFO - #c.i.o.a.ConfigImportHelper - [i18n] Localization property from registry is null
2026-04-29 15:10:14,114 [   4727]   INFO - #c.i.u.m.t.TouchbarSupport - touchbar disabled: registry
2026-04-29 15:10:14,114 [   4727]   INFO - #c.i.s.c.s.IdeStationServerService$Companion - Creating discovery services
2026-04-29 15:10:14,120 [   4733]   INFO - c.i.s.c.c.n.s.NettyServicesServerBase$Companion - Starting services server on /var/folders/7h/3mq5k6k507j9f04f9x7zm7bh0000gn/T/jb.station.ij.13913.sock
2026-04-29 15:10:14,123 [   4736]   INFO - c.i.s.c.c.n.s.NettyServicesServerBase$Companion - Services server started
2026-04-29 15:10:14,136 [   4749]   INFO - #c.i.DynamicBundle - Cleanup bundle cache for messages.PlatformFrontendSplitBundle
2026-04-29 15:10:14,143 [   4756]   WARN - #c.i.s.c.i.StationSocketConnectionLoop - Discovery connection failed with AnnotatedSocketException(SocketException) (No such file or directory: /var/folders/7h/3mq5k6k507j9f04f9x7zm7bh0000gn/T/jb.station.jelenagajdas.sock)
2026-04-29 15:10:14,144 [   4757]   INFO - #c.i.DynamicBundle - Cleanup bundle cache for messages.PlatformSplitBundle
2026-04-29 15:10:14,148 [   4761]   INFO - #c.j.r.p.c.q.Z.C - RD Connection State (clientId: C310F2D2E6A54F332600A637091ECDC6716E0581D472E3A459ADB39E96CF817E-1777468209885) Change state: <NOT_CONNECTED> -> <CONNECTING>
2026-04-29 15:10:14,148 [   4761]   INFO - #c.j.t.q.q0 - Defined URL for transport creation: tcp://127.0.0.1:5990#jt=36b5704d-97d9-4f68-8475-92a3d0cf233d&p=IC&fp=F7D994B87EC04296FF3C4D996A19A4160046CA77B3918546D7A8D2203B6D5BD2&cb=251.23774.435&newUi=true&jb=21.0.6b895.109&remoteId=Split%20Mode
2026-04-29 15:10:14,201 [   4814]   INFO - #c.j.t.q.d.S - Start collecting Direct TCP transport creator.
2026-04-29 15:10:14,201 [   4814]   INFO - #c.j.t.q.d.S - Process TCP endpoints (size: 1)
2026-04-29 15:10:14,202 [   4815]   INFO - #c.j.t.q.d.S - Start collecting transport on TCP endpoint: tcp://127.0.0.1:5990#jt=36b5704d-97d9-4f68-8475-92a3d0cf233d&p=IC&fp=F7D994B87EC04296FF3C4D996A19A4160046CA77B3918546D7A8D2203B6D5BD2&cb=251.23774.435&newUi=true&jb=21.0.6b895.109&remoteId=Split%20Mode
2026-04-29 15:10:14,202 [   4815]   INFO - #c.j.t.q.Z.q - Start to define creators for transport of type 'TCP (direct_tcp)' to address: tcp://127.0.0.1:5990#jt=36b5704d-97d9-4f68-8475-92a3d0cf233d&p=IC&fp=F7D994B87EC04296FF3C4D996A19A4160046CA77B3918546D7A8D2203B6D5BD2&cb=251.23774.435&newUi=true&jb=21.0.6b895.109&remoteId=Split%20Mode
2026-04-29 15:10:14,203 [   4816]   INFO - #c.j.t.q.Z.q - Transport with type 'TCP (direct_tcp)' is successfully defined.
2026-04-29 15:10:14,204 [   4817]   INFO - #c.j.r.p.c.K.K.Z.L - Transport Engine. Start logic to receive first connected transport (transports defined: 1)
2026-04-29 15:10:14,205 [   4818]   INFO - #c.j.r.p.c.K.K.Z.L - Transport Engine (index: 0) Start waiting for a first connected transport with timeout: 6s...
2026-04-29 15:10:14,205 [   4818]   INFO - #c.j.r.p.c.K.K.Z.q - Transport Creator (type: direct_tcp, id: tcp://127.0.0.1:5990) Start creating transport
2026-04-29 15:10:14,206 [   4819]   INFO - #c.j.t.q.Z.q - Create a new transport of type 'TCP (direct_tcp)'. isAlive: true
2026-04-29 15:10:14,207 [   4820]   INFO - #c.j.r.p.c.K.K.m - Socket Transport (id: tcp://127.0.0.1:5990) Connection state changed: <null> -> <NOT_CONNECTED>
2026-04-29 15:10:14,209 [   4822]   INFO - #c.j.r.p.c.K.K.m - Socket Transport (id: tcp://127.0.0.1:5990) Connection state changed: <NOT_CONNECTED> -> <CONNECTED>
2026-04-29 15:10:14,210 [   4823]   INFO - #c.j.r.p.c.K.K.N - Transport Wrapper (id: tcp://127.0.0.1:5990) Connection state has been changed: <null> -> <NOT_CONNECTED>
2026-04-29 15:10:14,210 [   4823]   INFO - #c.j.r.p.c.K.K.N - Transport Wrapper (id: tcp://127.0.0.1:5990) Attach channels for a transport: Socket Transport (id: tcp://127.0.0.1:5990)
2026-04-29 15:10:14,211 [   4824]   INFO - #c.j.r.p.c.K.K.r - Statistics Transport (id: tcp://127.0.0.1:5990) Connection state changed: <null> -> <NOT_CONNECTED>
2026-04-29 15:10:14,211 [   4824]   INFO - #c.j.r.p.c.K.K.r - Statistics Transport (id: tcp://127.0.0.1:5990) Connection state changed: <NOT_CONNECTED> -> <CONNECTED>
2026-04-29 15:10:14,214 [   4827]   INFO - #c.j.r.p.c.K.K.M - TLS Transport (id: tcp://127.0.0.1:5990) Connection state changed: <null> -> <NOT_CONNECTED>
2026-04-29 15:10:14,218 [   4831]   INFO - #c.j.r.p.c.c.t.c.ConnectionConfigurationWidgetService$Companion - Connection Configuration Widget updated state. Enabled: <false>
2026-04-29 15:10:14,218 [   4831]   INFO - #c.i.o.u.r.RegistryValue - Registry value 'enable.connection.configuration.widget' has changed to 'false' by SYSTEM
2026-04-29 15:10:14,221 [   4834]   INFO - #c.j.r.p.c.c.t.c.ConnectionConfigurationWidgetService$Companion - Connection widget enabled state registry key was changed to value: false
2026-04-29 15:10:14,221 [   4834]   INFO - #c.j.r.p.c.K.K.N - Transport Wrapper (id: tcp://127.0.0.1:5990) Received state from TLS layer. Update to: <NOT_CONNECTED>
2026-04-29 15:10:14,221 [   4834]   INFO - #c.j.r.p.c.K.K.N - Transport Wrapper (id: tcp://127.0.0.1:5990) Underlying transport is wrapped with all layers and ready
2026-04-29 15:10:14,221 [   4834]   INFO - #c.j.r.p.c.K.K.Z.q - Transport Creator (type: direct_tcp, id: tcp://127.0.0.1:5990) Transport is created. Start connection logic.
2026-04-29 15:10:14,222 [   4835]   INFO - #c.j.r.p.c.K.K.M - TLS Transport (id: tcp://127.0.0.1:5990) Start TLS handshake
2026-04-29 15:10:14,241 [   4854]   INFO - #c.j.r.p.c.K.q.q.q - Trust Manager. Received 1 certificates
2026-04-29 15:10:14,242 [   4855]   INFO - #c.j.r.p.c.K.q.q.q - Trust Manager. Received 1 certificates
2026-04-29 15:10:14,242 [   4855]   INFO - #c.j.r.p.c.K.K.M - TLS Transport (id: tcp://127.0.0.1:5990) Connection state changed: <NOT_CONNECTED> -> <CONNECTED>
2026-04-29 15:10:14,242 [   4855]   INFO - #c.j.r.p.c.K.K.N - Transport Wrapper (id: tcp://127.0.0.1:5990) Received state from TLS layer. Update to: <CONNECTED>
2026-04-29 15:10:14,242 [   4855]   INFO - #c.j.r.p.c.K.K.N - Transport Wrapper (id: tcp://127.0.0.1:5990) Connection state has been changed: <NOT_CONNECTED> -> <CONNECTED>
2026-04-29 15:10:14,242 [   4855]   INFO - #c.j.r.p.c.K.q.q.q - Trust Manager. Received 1 certificates
2026-04-29 15:10:14,242 [   4855]   INFO - #c.j.r.p.c.K.q.q.q - Trust Manager. Received 1 certificates
2026-04-29 15:10:14,243 [   4856]   INFO - #c.j.r.p.c.K.K.r - Statistics Transport (id: tcp://127.0.0.1:5990) Data transfer transport. Enable bytes transfer check (timeout: 15s). Current state: false
2026-04-29 15:10:14,243 [   4856]   INFO - #c.j.r.p.c.K.K.r - Statistics Transport (id: tcp://127.0.0.1:5990) Data transfer transport. Timeout checks is disabled. Skip.
2026-04-29 15:10:14,243 [   4856]   INFO - #c.j.r.p.c.K.K.Z.q - Transport Creator (type: direct_tcp, id: tcp://127.0.0.1:5990) Transport is connected and ready.
2026-04-29 15:10:14,243 [   4856]   INFO - #c.j.r.p.c.K.q.E - Framed Channel (id: tcp://127.0.0.1:5990) Read thread: Start reading incoming frames
2026-04-29 15:10:14,244 [   4857]   INFO - #c.j.r.p.c.K.K.Z.L - Transport Creator (type: direct_tcp, index: 0) Got created transport: Transport Info (type: direct_tcp, index: -1, id: tcp://127.0.0.1:5990)
2026-04-29 15:10:14,244 [   4857]   INFO - #c.j.r.p.c.K.K.Z.L - Transport Creator (type: direct_tcp, index: 0) Send transport index frame for transport: Transport Info (type: direct_tcp, index: 0, id: tcp://127.0.0.1:5990)
2026-04-29 15:10:14,245 [   4858]   INFO - #c.j.r.p.c.K.K.Z.L - Transport Creator (type: direct_tcp, index: 0) Start waiting for host acceptance for transport (Transport Info (type: direct_tcp, index: 0, id: tcp://127.0.0.1:5990)) with timeout: 4s
2026-04-29 15:10:14,260 [   4873]   INFO - #c.j.r.p.c.K.K.Z.L - Transport Creator (type: direct_tcp, index: 0) Transport (Transport Info (type: direct_tcp, index: 0, id: tcp://127.0.0.1:5990)) got state: ACCEPTED
2026-04-29 15:10:14,260 [   4873]   INFO - #c.j.r.p.c.K.K.Z.L - Transport Creator (type: direct_tcp, index: 0) Accepted transport: Transport Info (type: direct_tcp, index: 0, id: tcp://127.0.0.1:5990)
2026-04-29 15:10:14,260 [   4873]   INFO - #c.j.r.p.c.K.K.Z.L - Transport Engine (index: 0) Awaited next connected and ready transport: Transport Info (type: direct_tcp, index: 0, id: tcp://127.0.0.1:5990)
2026-04-29 15:10:14,260 [   4873]   INFO - #c.j.r.p.c.K.K.Z.L - Transport Engine (index: 0) Connected transport is set. New transport to proceed: Transport Info (type: direct_tcp, index: 0, id: tcp://127.0.0.1:5990)
2026-04-29 15:10:14,260 [   4873]   INFO - #c.j.t.q.Kk - Received first connection transport (Transport Info (type: direct_tcp, index: 0, id: tcp://127.0.0.1:5990))
2026-04-29 15:10:14,262 [   4875]   INFO - #c.j.r.p.c.K.Z.q.U - Start Wire Storage check: Check Wire Buffer Size, delay: PT5S
2026-04-29 15:10:14,262 [   4875]   INFO - #c.j.r.p.c.K.Z.q.U - Got wire for client (id: C310F2D2E6A54F332600A637091ECDC6716E0581D472E3A459ADB39E96CF817E-1777468209885) from wire storage: null
2026-04-29 15:10:14,263 [   4876]   INFO - #c.j.r.p.c.K.Z.c - Transport Info (type: direct_tcp, index: 0, id: tcp://127.0.0.1:5990) Local wire exist for client: false
2026-04-29 15:10:14,263 [   4876]   INFO - #c.j.r.p.c.K.Z.c - Transport Info (type: direct_tcp, index: 0, id: tcp://127.0.0.1:5990) Send WireExistFrame to remote side. Local exist: false
2026-04-29 15:10:14,263 [   4876]   INFO - #c.j.r.p.c.K.Z.c - Transport Info (type: direct_tcp, index: 0, id: tcp://127.0.0.1:5990) Remote wire exist for client: false
2026-04-29 15:10:14,263 [   4876]   INFO - #c.j.t.q.Kk - Transport Info (type: direct_tcp, index: 0, id: tcp://127.0.0.1:5990) Process with a new wire creation
2026-04-29 15:10:14,263 [   4876]   INFO - #c.j.t.q.Kk - Start creating a new wire: Wire-C310F2D2E6A54F332600A637091ECDC6716E0581D472E3A459ADB39E96CF817E-1777468209885
2026-04-29 15:10:14,267 [   4880]   INFO - #c.j.r.p.c.K.Z.X - Wire (id: Wire-C310F2D2E6A54F332600A637091ECDC6716E0581D472E3A459ADB39E96CF817E-1777468209885) Start initializing a new wire instance
2026-04-29 15:10:14,267 [   4880]   INFO - #c.j.r.p.c.K.Z.X - Wire (id: Wire-C310F2D2E6A54F332600A637091ECDC6716E0581D472E3A459ADB39E96CF817E-1777468209885) Initializing a service message processor
2026-04-29 15:10:14,268 [   4881]   INFO - #c.j.r.p.c.K.Z.X - Wire (id: Wire-C310F2D2E6A54F332600A637091ECDC6716E0581D472E3A459ADB39E96CF817E-1777468209885) Wire connection state changed: <null> -> <NOT_CONNECTED>
2026-04-29 15:10:14,268 [   4881]   INFO - #c.j.r.p.c.K.Z.X - Wire (id: Wire-C310F2D2E6A54F332600A637091ECDC6716E0581D472E3A459ADB39E96CF817E-1777468209885) Replace current wire transport (name: null) with a new transport: Transport Info (type: direct_tcp, index: 0, id: tcp://127.0.0.1:5990)
2026-04-29 15:10:14,268 [   4881]   INFO - #c.j.r.p.c.K.K.N - Transport Wrapper (id: tcp://127.0.0.1:5990) Advise on System frame received
2026-04-29 15:10:14,268 [   4881]   INFO - #c.j.r.p.c.K.Z.X - Wire (id: Wire-C310F2D2E6A54F332600A637091ECDC6716E0581D472E3A459ADB39E96CF817E-1777468209885) Underlying transport changed state to: <CONNECTED> (transport: Transport Info (type: direct_tcp, index: 0, id: tcp://127.0.0.1:5990))
2026-04-29 15:10:14,268 [   4881]   INFO - #c.j.r.p.c.K.Z.X - Wire (id: Wire-C310F2D2E6A54F332600A637091ECDC6716E0581D472E3A459ADB39E96CF817E-1777468209885) Received a new connection state from transport: <NOT_CONNECTED> -> <CONNECTED>
2026-04-29 15:10:14,268 [   4881]   INFO - #c.j.r.p.c.K.Z.X - Wire (id: Wire-C310F2D2E6A54F332600A637091ECDC6716E0581D472E3A459ADB39E96CF817E-1777468209885) Underlying transport connection is established.
2026-04-29 15:10:14,269 [   4882]   INFO - #c.j.r.p.c.K.Z.X - Wire (id: Wire-C310F2D2E6A54F332600A637091ECDC6716E0581D472E3A459ADB39E96CF817E-1777468209885) Update current active transport <null> with new transport <Transport Info (type: direct_tcp, index: 0, id: tcp://127.0.0.1:5990)>
2026-04-29 15:10:14,270 [   4883]   INFO - #c.j.r.p.c.K.Z.X - Wire (id: Wire-C310F2D2E6A54F332600A637091ECDC6716E0581D472E3A459ADB39E96CF817E-1777468209885) Start wire connection flow
2026-04-29 15:10:14,270 [   4883]   INFO - #c.j.t.q.Kk - Wire connection state: <null -> <NOT_CONNECTED>
2026-04-29 15:10:14,270 [   4883]   INFO - #c.j.t.q.Kk - Wait for connection state
2026-04-29 15:10:14,270 [   4883]   INFO - #c.j.r.p.c.K.Z.X - Wire (id: Wire-C310F2D2E6A54F332600A637091ECDC6716E0581D472E3A459ADB39E96CF817E-1777468209885) Received a new wire transport state: <CONNECTED>
2026-04-29 15:10:14,270 [   4883]   INFO - #c.j.r.p.c.K.Z.X - Wire (id: Wire-C310F2D2E6A54F332600A637091ECDC6716E0581D472E3A459ADB39E96CF817E-1777468209885) Connection flow. Initial transport connection state: <CONNECTED>
2026-04-29 15:10:14,271 [   4884]   INFO - #c.j.r.p.c.K.K.N - Transport Wrapper (id: tcp://127.0.0.1:5990) Got counterpart certificates size: <1>
2026-04-29 15:10:14,271 [   4884]   INFO - #c.j.r.p.c.K.Z.X - Unable to validate session tokens. Session token data is not provided. Skip.
2026-04-29 15:10:14,381 [   4994]   INFO - #c.j.r.p.c.K.Z.X - Current status does not match password request. Skip password request processing.
2026-04-29 15:10:14,381 [   4994]   INFO - #c.j.r.p.c.K.Z.X - Wire (id: Wire-C310F2D2E6A54F332600A637091ECDC6716E0581D472E3A459ADB39E96CF817E-1777468209885) Wire connection state changed: <NOT_CONNECTED> -> <CONNECTED>
2026-04-29 15:10:14,381 [   4994]   INFO - #c.j.t.q.Kk - Wire connection state: <NOT_CONNECTED -> <CONNECTED>
2026-04-29 15:10:14,381 [   4994]   INFO - #c.j.r.p.c.K.L - Service Message Processor (id: Wire-C310F2D2E6A54F332600A637091ECDC6716E0581D472E3A459ADB39E96CF817E-1777468209885) Process unconfirmed frames queue. Size: 0
2026-04-29 15:10:14,382 [   4995]   INFO - #c.j.t.q.Kk - Thin Client Connection (id: Wire-C310F2D2E6A54F332600A637091ECDC6716E0581D472E3A459ADB39E96CF817E-1777468209885) Received wire connection state: <CONNECTED>
2026-04-29 15:10:14,386 [   4999]   INFO - #c.j.t.q.Kk - Thin Client Connection (id: Wire-C310F2D2E6A54F332600A637091ECDC6716E0581D472E3A459ADB39E96CF817E-1777468209885) Connected successfully
2026-04-29 15:10:14,386 [   4999]   INFO - #c.j.r.p.c.K.Z.q.U - Wire (id: Wire-C310F2D2E6A54F332600A637091ECDC6716E0581D472E3A459ADB39E96CF817E-1777468209885) reset suspended state.
2026-04-29 15:10:14,386 [   4999]   INFO - #c.j.r.p.c.K.Z.q.U - Try to add a new wire (id: Wire-C310F2D2E6A54F332600A637091ECDC6716E0581D472E3A459ADB39E96CF817E-1777468209885) for client (id: 'C310F2D2E6A54F332600A637091ECDC6716E0581D472E3A459ADB39E96CF817E-1777468209885) to wire storage.
2026-04-29 15:10:14,386 [   4999]   INFO - #c.j.r.p.c.K.Z.q.U - Wire (id: Wire-C310F2D2E6A54F332600A637091ECDC6716E0581D472E3A459ADB39E96CF817E-1777468209885) for client (id: 'C310F2D2E6A54F332600A637091ECDC6716E0581D472E3A459ADB39E96CF817E-1777468209885) was successfully added into wire storage.
2026-04-29 15:10:14,391 [   5004]   INFO - #c.j.r.p.c.K.Z.X - Wire (id: Wire-C310F2D2E6A54F332600A637091ECDC6716E0581D472E3A459ADB39E96CF817E-1777468209885) Setup protocol context
2026-04-29 15:10:14,395 [   5008]   INFO - #c.j.r.p.c.K.K.N - Transport Wrapper (id: tcp://127.0.0.1:5990) Got counterpart certificates size: <1>
2026-04-29 15:10:14,395 [   5008]   INFO - #c.j.r.p.c.K.K.N - Transport Wrapper (id: tcp://127.0.0.1:5990) Got counterpart certificates size: <1>
2026-04-29 15:10:14,400 [   5013]   INFO - #c.j.r.p.c.K.Z.X - Wire (id: Wire-C310F2D2E6A54F332600A637091ECDC6716E0581D472E3A459ADB39E96CF817E-1777468209885) Connection flow. Flow is completed successfully
2026-04-29 15:10:14,400 [   5013]   INFO - #c.j.r.p.c.K.Z.X - Wire (id: Wire-C310F2D2E6A54F332600A637091ECDC6716E0581D472E3A459ADB39E96CF817E-1777468209885) Connection flow. Connection flow is ended with result: true
2026-04-29 15:10:14,436 [   5049]   INFO - #c.j.t.d.ThinClientDistributedTestBridge$Companion - Set distributedTestBridgeModel
2026-04-29 15:10:14,454 [   5067]   INFO - #c.i.p.k.f.s.FrontendProtocolProviderService - Session initialized, update protocol. com.jetbrains.rdclient.client.FrontendAppSessionImpl(type=FRONTEND, clientId=ClientId(value=ThinClientFakeProtocolId))
2026-04-29 15:10:14,454 [   5067]   INFO - #c.j.r.p.c.K.Z.X - Wire (id: Wire-C310F2D2E6A54F332600A637091ECDC6716E0581D472E3A459ADB39E96CF817E-1777468209885) Start delivering messages
2026-04-29 15:10:14,465 [   5078]   INFO - #c.j.t.q.Kk - Connection established after: 315 ms
2026-04-29 15:10:14,484 [   5097]   INFO - #c.i.p.r.s.FleetRdTransportBridgeKt - Creating transport bridge for FleetRpcModel: `ThinClient.FleetRpcModel`
2026-04-29 15:10:14,486 [   5099]   INFO - #c.i.p.r.s.RdTransportFactory - Transport created successfully
2026-04-29 15:10:14,544 [   5157]   INFO - #c.j.r.p.c.q.Z.C - RD Connection State (clientId: C310F2D2E6A54F332600A637091ECDC6716E0581D472E3A459ADB39E96CF817E-1777468209885) Change state: <CONNECTING> -> <CONNECTED>
2026-04-29 15:10:14,551 [   5164]   INFO - #c.j.t.q.qg - Wire Connection State. Wire state has been updated to: <CONNECTED>
2026-04-29 15:10:14,573 [   5186]   INFO - #c.j.t.o.ThinClientSyncedSettingsExtListener - Update backend IDE scale: 1.0
2026-04-29 15:10:14,573 [   5186]   INFO - #c.j.t.p.p.FrontendPortForwardingListener$Companion - Port forwarding received state: enabled
2026-04-29 15:10:14,637 [   5250]   INFO - #c.j.t.u.ThinClientFontMetricsReporter - Sending frontend text rendering properties and metrics to backend
UI anti-aliasing mode: Greyscale
UI fractional metrics: true
Editor anti-aliasing mode: Greyscale
Editor fractional metrics: true
Monitor scales: [2.0]
2026-04-29 15:10:14,672 [   5285]   INFO - #c.j.t.u.ThinClientFontMetricsReporter - UI font (Inter) metrics for sizes [14.0, 13.0, 12.0, 11.0, 9.0]
2026-04-29 15:10:14,684 [   5297]   INFO - #fleet.kernel.rebase.RebaseLogger - [Kernel@bgu1r54c3k8dv286ae0p] received snapshot with VectorClock: {}
2026-04-29 15:10:14,688 [   5301]   INFO - #c.j.t.u.ThinClientFontMetricsReporter - Editor font (JetBrains Mono) metrics for sizes [13.0, 14.0]
2026-04-29 15:10:14,689 [   5302]   INFO - #c.j.t.u.ThinClientFontMetricsReporter - Monospaced font metrics for size 13.0
2026-04-29 15:10:14,758 [   5371]   INFO - #c.i.DynamicBundle - Cleanup bundle cache for messages.MarkdownBundle
2026-04-29 15:10:14,759 [   5372]   INFO - #c.i.DynamicBundle - Cleanup bundle cache for messages.YAMLBundle
2026-04-29 15:10:14,761 [   5374]   INFO - #c.i.DynamicBundle - Cleanup bundle cache for messages.XDebuggerBundle
2026-04-29 15:10:14,762 [   5375]   INFO - #c.i.DynamicBundle - Cleanup bundle cache for messages.ImagesBundle
2026-04-29 15:10:14,766 [   5379]   INFO - #c.i.DynamicBundle - Cleanup bundle cache for messages.JsonBundle
2026-04-29 15:10:14,792 [   5405]   INFO - #c.i.DynamicBundle - Cleanup bundle cache for messages.CommonBundle
2026-04-29 15:10:14,888 [   5501]   INFO - #c.j.t.u.ThinClientFontMetricsReporter - Passing additional font metrics for FontMetricsKey(fontType=UI, style=1, fontSize=15.0, monitorScale=2.0, antiAliasing=Greyscale, fractionalMetrics=true)
2026-04-29 15:10:14,889 [   5502]   INFO - #c.j.t.u.ThinClientFontMetricsReporter - Passing additional font metrics for FontMetricsKey(fontType=UI, style=1, fontSize=26.0, monitorScale=2.0, antiAliasing=Greyscale, fractionalMetrics=true)
2026-04-29 15:10:14,903 [   5516]   INFO - #c.j.t.u.b.ThinClientBuiltInServerConfig - Getting client built-in server port configuration from registry key: 'remoteDev.builtInServer.ports'.
2026-04-29 15:10:15,047 [   5660]   INFO - #c.j.t.u.b.ThinClientBuiltInServerPortSynchronizer - Retry to bind a custom client port to a host built-in server.
2026-04-29 15:10:15,047 [   5660]   INFO - #c.j.t.u.b.ThinClientBuiltInServerConfig - Getting client built-in server port configuration from registry key: 'remoteDev.builtInServer.ports'.
2026-04-29 15:10:15,071 [   5684]   INFO - #c.j.t.u.b.ThinClientBuiltInServerPortSynchronizer - Retry to bind a custom client port to a host built-in server.
2026-04-29 15:10:15,071 [   5684]   INFO - #c.j.t.u.b.ThinClientBuiltInServerConfig - Getting client built-in server port configuration from registry key: 'remoteDev.builtInServer.ports'.
2026-04-29 15:10:15,084 [   5697]   INFO - #c.i.DynamicBundle - Cleanup bundle cache for messages.IdeBundle
2026-04-29 15:10:15,085 [   5698]   INFO - #c.j.t.u.b.ThinClientBuiltInServerPortSynchronizer - Retry to bind a custom client port to a host built-in server.
2026-04-29 15:10:15,085 [   5698]   INFO - #c.j.t.u.b.ThinClientBuiltInServerConfig - Getting client built-in server port configuration from registry key: 'remoteDev.builtInServer.ports'.
2026-04-29 15:10:15,095 [   5708]   INFO - #c.j.t.u.b.ThinClientBuiltInServerPortSynchronizer - Retry to bind a custom client port to a host built-in server.
2026-04-29 15:10:15,095 [   5708]   INFO - #c.j.t.u.b.ThinClientBuiltInServerConfig - Getting client built-in server port configuration from registry key: 'remoteDev.builtInServer.ports'.
2026-04-29 15:10:15,176 [   5789]   WARN - #c.j.t.u.b.ThinClientBuiltInServerPortSynchronizer - A client and a host are running on the same instance. Port forwarding is not required.
2026-04-29 15:10:15,937 [   6550]   INFO - #c.i.DynamicBundle - Cleanup bundle cache for messages.TerminalBundle
2026-04-29 15:10:15,952 [   6565]   INFO - #c.i.DynamicBundle - Cleanup bundle cache for messages.CommonProfilerBundle
2026-04-29 15:10:15,971 [   6584]   INFO - #c.i.DynamicBundle - Cleanup bundle cache for messages.ExecutionBundle
2026-04-29 15:10:16,018 [   6631]   INFO - #c.i.DynamicBundle - Cleanup bundle cache for messages.UIBundle
2026-04-29 15:10:16,207 [   6820]   INFO - #c.i.DynamicBundle - Cleanup bundle cache for messages.ProjectConceptBundle
2026-04-29 15:10:16,208 [   6821]   INFO - #c.i.i.u.e.t.ExperimentalToolbarSettings - Dispatching UI settings change.
2026-04-29 15:10:16,210 [   6823]   INFO - #c.j.t.u.ThinClientFontMetricsReporter - Sending frontend text rendering properties and metrics to backend
UI anti-aliasing mode: Greyscale
UI fractional metrics: true
Editor anti-aliasing mode: Greyscale
Editor fractional metrics: true
Monitor scales: [2.0]
2026-04-29 15:10:16,210 [   6823]   INFO - #c.j.t.u.ThinClientFontMetricsReporter - UI font (Inter) metrics for sizes [14.0, 13.0, 12.0, 11.0, 9.0]
2026-04-29 15:10:16,210 [   6823]   INFO - #c.j.t.u.ThinClientFontMetricsReporter - Editor font (JetBrains Mono) metrics for sizes [13.0, 14.0]
2026-04-29 15:10:16,210 [   6823]   INFO - #c.j.t.u.ThinClientFontMetricsReporter - Monospaced font metrics for size 13.0
2026-04-29 15:10:28,742 [  19355]   INFO - #c.j.t.q.Kk - Wire for host (name: #GTW_CLIENT_HOSTNAME#) has been terminated with reason: EXIT, message: null
2026-04-29 15:10:28,743 [  19356]   INFO - #c.j.t.q.f.d - Received a termination request with message: Host has been terminated. Terminate connection flow
2026-04-29 15:10:28,745 [  19358]   INFO - #c.i.p.r.s.RdTransportFactory - Transport disconnected, closing outgoing channel
2026-04-29 15:10:28,746 [  19359]   INFO - #c.i.p.k.f.s.FrontendProtocolProviderService - Session terminated, clear protocol. com.jetbrains.rdclient.client.FrontendAppSessionImpl(type=FRONTEND, clientId=ClientId(value=ThinClientFakeProtocolId))
2026-04-29 15:10:28,746 [  19359]   INFO - #c.j.t.d.ThinClientDistributedTestBridge$Companion - Remove distributedTestBridgeModel
2026-04-29 15:10:28,746 [  19359]   INFO - #fleet.kernel.rebase.RebaseLogger - [Kernel@bgu1r54c3k8dv286ae0p] broadcast channel has closed with exception: fleet.rpc.client.RpcClientDisconnectedException: Transport channel closed without cause
2026-04-29 15:10:28,747 [  19360]   INFO - #c.j.r.p.c.K.Z.q.U - Wire for client (id: C310F2D2E6A54F332600A637091ECDC6716E0581D472E3A459ADB39E96CF817E-1777468209885) was successfully removed
2026-04-29 15:10:28,747 [  19360]   WARN - #c.j.t.q.Kk - Wire terminated requested
2026-04-29 15:10:28,748 [  19361]   INFO - #c.j.r.p.c.K.Z.X - Wire (id: Wire-C310F2D2E6A54F332600A637091ECDC6716E0581D472E3A459ADB39E96CF817E-1777468209885) Wire Lifetime is been terminated.
2026-04-29 15:10:28,748 [  19361]   INFO - #c.j.r.p.c.K.Z.X - Wire (id: Wire-C310F2D2E6A54F332600A637091ECDC6716E0581D472E3A459ADB39E96CF817E-1777468209885) Set <CLOSED> state for wire
2026-04-29 15:10:28,748 [  19361]   INFO - #c.j.r.p.c.K.Z.X - Wire (id: Wire-C310F2D2E6A54F332600A637091ECDC6716E0581D472E3A459ADB39E96CF817E-1777468209885) Update current active transport <Transport Info (type: direct_tcp, index: 0, id: tcp://127.0.0.1:5990)> with new transport <null>
2026-04-29 15:10:28,748 [  19361]   INFO - #c.j.r.p.c.K.Z.X - Wire (id: Wire-C310F2D2E6A54F332600A637091ECDC6716E0581D472E3A459ADB39E96CF817E-1777468209885) Terminate old wire transport: Transport Info (type: direct_tcp, index: 0, id: tcp://127.0.0.1:5990)
2026-04-29 15:10:28,748 [  19361]   INFO - #c.j.r.p.c.K.K.N - Transport Wrapper (id: tcp://127.0.0.1:5990) Terminate transport. Underlying transport: Socket Transport (id: tcp://127.0.0.1:5990), underlying channel: java.nio.channels.SocketChannel[connected local=/127.0.0.1:55498 remote=/127.0.0.1:5990]
2026-04-29 15:10:28,748 [  19361]   INFO - #c.j.r.p.c.K.K.N - Transport Wrapper (id: tcp://127.0.0.1:5990) Connection state has been changed: <CONNECTED> -> <CLOSED>
2026-04-29 15:10:28,748 [  19361]   INFO - #fleet.kernel.rebase.RebaseLogger - [Kernel@bgu1r54c3k8dv286ae0p] connects to workspace as dr6fnjba3pa2dhi3uaf5
2026-04-29 15:10:28,748 [  19361]   WARN - #c.j.r.p.c.K.q.E - Framed Channel (id: tcp://127.0.0.1:5990) Failed to read next message LENGTH value.
2026-04-29 15:10:28,748 [  19361]   INFO - #c.j.r.p.c.K.q.E - Framed Channel (id: tcp://127.0.0.1:5990) Read operation. Read returns <NULL> result. Stop reading from underlying byte channel.
2026-04-29 15:10:28,748 [  19361]   INFO - LifetimeUtil::JoinOnTerminationWithSoftCancellation - Joining: ServiceMessageProcessor::Consumer started
2026-04-29 15:10:28,749 [  19362]   INFO - #fleet.rpc.core.ConnectionLoop - Reconnect by <com.intellij.platform.kernel.frontend.split.FrontendRemoteApiProviderService > unnamed connection> attempt #1 in 1ms
2026-04-29 15:10:28,749 [  19362]   INFO - #c.j.r.p.c.K.q.E - Framed Channel (id: tcp://127.0.0.1:5990) Read thread is terminated. Closing underlying channel (hash: 1124045611, isOpen: true)
2026-04-29 15:10:28,749 [  19362]   INFO - LifetimeUtil::JoinOnTerminationWithSoftCancellation - Joining: ServiceMessageProcessor::Consumer finsihed within: 0 ms succesfully
2026-04-29 15:10:28,749 [  19362]   INFO - #c.j.r.p.c.K.q.E - Framed Channel (id: tcp://127.0.0.1:5990) Read thread is terminated. Closing frames channels
2026-04-29 15:10:28,749 [  19362]   INFO - #c.j.r.p.c.K.K.Z.q - Transport Creator (type: direct_tcp, id: tcp://127.0.0.1:5990) Transport Lifetime has been terminated
2026-04-29 15:10:28,749 [  19362]   INFO - #c.j.r.p.c.K.q.E - Framed Channel (id: tcp://127.0.0.1:5990) Read thread is terminated. Closing errors channels
2026-04-29 15:10:28,750 [  19363]   INFO - #c.j.t.q.f.d - Connection flow was canceled. Rethrow
2026-04-29 15:10:28,750 [  19363]   INFO - #c.i.p.r.s.RdTransportFactory - Creating transport
2026-04-29 15:10:28,750 [  19363]   INFO - #c.i.p.k.f.s.FrontendRemoteApiProviderService - RdTransportFactory requests actual protocol instance
2026-04-29 15:10:28,751 [  19364]   INFO - #c.j.r.p.c.q.Z.C - RD Connection State (clientId: C310F2D2E6A54F332600A637091ECDC6716E0581D472E3A459ADB39E96CF817E-1777468209885) Change state: <CONNECTED> -> <TERMINATED (code: 193, message: null)>
2026-04-29 15:10:28,772 [  19385]   INFO - #c.j.r.p.c.K.K.m - Socket Transport (id: tcp://127.0.0.1:5990) Connection state changed: <CONNECTED> -> <CLOSED>
2026-04-29 15:10:28,772 [  19385]   INFO - #c.j.r.p.c.K.K.r - Statistics Transport (id: tcp://127.0.0.1:5990) Connection state changed: <CONNECTED> -> <CLOSED>
2026-04-29 15:10:28,772 [  19385]   INFO - #c.j.r.p.c.K.K.S - Statistics Transport (id: tcp://127.0.0.1:5990) Closing byte channel.
2026-04-29 15:10:28,772 [  19385]   INFO - #c.j.r.p.c.K.K.S - Statistics Transport (id: tcp://127.0.0.1:5990) Byte channel is already closed.
2026-04-29 15:10:28,772 [  19385]   INFO - #c.j.r.p.c.K.K.S - Statistics Transport (id: tcp://127.0.0.1:5990) Byte channel is closed.
2026-04-29 15:10:28,772 [  19385]   INFO - #c.j.r.p.c.K.K.M - TLS Transport (id: tcp://127.0.0.1:5990) Connection state changed: <CONNECTED> -> <CLOSED>
2026-04-29 15:10:28,772 [  19385]   INFO - #c.j.r.p.c.K.K.S - TLS Transport (id: tcp://127.0.0.1:5990) Closing byte channel.
2026-04-29 15:10:28,772 [  19385]   INFO - #c.j.r.p.c.K.K.S - TLS Transport (id: tcp://127.0.0.1:5990) Byte channel is already closed.
2026-04-29 15:10:28,772 [  19385]   INFO - #c.j.r.p.c.K.K.S - TLS Transport (id: tcp://127.0.0.1:5990) Byte channel is closed.
2026-04-29 15:10:28,772 [  19385]   INFO - #c.j.r.p.c.K.K.M - TLS Transport (id: tcp://127.0.0.1:5990) went to a terminal state 'CLOSED' due to inner channel state change
2026-04-29 15:10:30,180 [  20793]   INFO - #c.i.w.i.i.j.s.JpsGlobalModelSynchronizerImpl - Loading global entities com.intellij.platform.workspace.jps.entities.SdkEntity from files
2026-04-29 15:10:30,180 [  20793]   INFO - #c.i.w.i.i.j.s.JpsGlobalModelSynchronizerImpl - Loading global entities com.intellij.platform.workspace.jps.entities.LibraryEntity from files
2026-04-29 15:10:30,186 [  20799]   INFO - #c.i.w.i.i.j.s.JpsGlobalModelSynchronizerImpl - Saving global entities com.intellij.platform.workspace.jps.entities.SdkEntity to files
2026-04-29 15:10:30,186 [  20799]   INFO - #c.i.w.i.i.j.s.JpsGlobalModelSynchronizerImpl - Saving global entities com.intellij.platform.workspace.jps.entities.LibraryEntity to files
2026-04-29 15:10:30,203 [  20816]   INFO - #c.i.a.o.PathMacrosImpl - Saved path macros: {}
2026-04-29 15:10:30,218 [  20831]   INFO - c.i.s.c.c.n.s.NettyServicesServerBase$Companion - Shutting down services server
2026-04-29 15:10:30,218 [  20831]   INFO - #c.j.r.p.c.K.K.Z.q - Transport Creator (type: direct_tcp, id: tcp://127.0.0.1:5990) Lifetime for stream transport is still alive after 5s, force-terminating
2026-04-29 15:10:30,218 [  20831]   INFO - #fleet.kernel.rebase.RebaseLogger - rebase loop exit
2026-04-29 15:10:30,218 [  20831]   INFO - #c.i.o.f.i.FileTypeDetectionService - 0 auto-detected files. Detection took 0 ms
2026-04-29 15:10:30,219 [  20832]   INFO - c.i.s.c.c.n.s.NettyServicesServerBase$Companion - Services server shut down
2026-04-29 15:10:30,219 [  20832]   INFO - LifetimeUtil::JoinOnTerminationWithSoftCancellation - Joining: SocketStreamTransport::SocketFlow started
2026-04-29 15:10:30,219 [  20832]   INFO - LifetimeUtil::JoinOnTerminationWithSoftCancellation - Joining: SocketStreamTransport::SocketFlow finsihed within: 0 ms succesfully
2026-04-29 15:10:32,301 [  22914]   INFO - #o.j.i.BuiltInServer - web server stopped
2026-04-29 15:10:32,303 [  22916]   INFO - #c.i.o.v.i.l.NativeFileWatcherImpl - Watcher terminated with exit code 0
2026-04-29 15:10:32,305 [  22918]   INFO - #c.i.d.JVMResponsivenessMonitor - Sampling thread interrupted -> stop sampling
2026-04-29 15:10:32,305 [  22918]   INFO - #c.i.d.JVMResponsivenessMonitor - Sampling thread exiting normally
2026-04-29 15:10:32,305 [  22918]   INFO - #c.j.r.p.c.K.Z.q.U - Terminate Wire Storage lifetime
2026-04-29 15:10:32,305 [  22918]   INFO - #c.i.p.s.SerializationManagerImpl - Start shutting down /Users/jelenagajdas/IdeaProjects/ai-plugin-jetbrainsInternship/plugin/.intellijPlatform/sandbox/untitled/IC-2025.1/system_runIdeFrontend/frontend/frontend/per_process_system_0/index/rep.names
2026-04-29 15:10:32,307 [  22920]   INFO - #c.i.p.s.SerializationManagerImpl - Finished shutting down /Users/jelenagajdas/IdeaProjects/ai-plugin-jetbrainsInternship/plugin/.intellijPlatform/sandbox/untitled/IC-2025.1/system_runIdeFrontend/frontend/frontend/per_process_system_0/index/rep.names
2026-04-29 15:10:32,308 [  22921]   INFO - #c.i.u.i.FileBasedIndexImpl - Index dispose started
2026-04-29 15:10:32,310 [  22923]   INFO - #c.i.u.i.PersistentDirtyFilesQueue - Dirty file ids stored. Size: 0. Index: 0 Path: /Users/jelenagajdas/IdeaProjects/ai-plugin-jetbrainsInternship/plugin/.intellijPlatform/sandbox/untitled/IC-2025.1/system_runIdeFrontend/frontend/frontend/per_process_system_0/index/dirty-file-ids
2026-04-29 15:10:32,313 [  22926]   INFO - #c.i.u.i.FileBasedIndexImpl - Index dispose completed in 5ms.
2026-04-29 15:10:32,352 [  22965]   INFO - #c.i.o.v.n.p.PersistentFSImpl - VFS dispose started
2026-04-29 15:10:32,352 [  22965]   INFO - #c.i.o.v.n.p.FSRecordsImpl - VFS closing
2026-04-29 15:10:32,353 [  22966]   INFO - #c.i.o.v.n.p.PersistentFSImpl - VFS dispose completed in 0 ms.
2026-04-29 15:10:32,422 [  23035]   INFO - #c.i.p.i.b.AppStarter - ------------------------------------------------------ IDE SHUTDOWN ------------------------------------------------------
